#
# There is insufficient memory for the Java Runtime Environment to continue.
# Native memory allocation (mmap) failed to map 1237319680 bytes for G1 virtual space
# Possible reasons:
#   The system is out of physical RAM or swap space
#   The process is running with CompressedOops enabled, and the Java Heap may be blocking the growth of the native heap
# Possible solutions:
#   Reduce memory load on the system
#   Increase physical memory or swap space
#   Check if swap backing store is full
#   Decrease Java heap size (-Xmx/-Xms)
#   Decrease number of Java threads
#   Decrease Java thread stack sizes (-Xss)
#   Set larger code cache with -XX:ReservedCodeCacheSize=
#   JVM is running with Zero Based Compressed Oops mode in which the Java heap is
#     placed in the first 32GB address space. The Java Heap base address is the
#     maximum limit for the native heap growth. Please use -XX:HeapBaseMinAddress
#     to set the Java Heap base and to place the Java Heap above 32GB virtual address.
# This output file may be truncated or incomplete.
#
#  Out of Memory Error (os_windows.cpp:3552), pid=10744, tid=6472
#
# JRE version: Java(TM) SE Runtime Environment (17.0.9+11) (build 17.0.9+11-LTS-201)
# Java VM: Java HotSpot(TM) 64-Bit Server VM (17.0.9+11-LTS-201, mixed mode, sharing, tiered, compressed oops, compressed class ptrs, g1 gc, windows-amd64)
# No core dump will be written. Minidumps are not enabled by default on client versions of Windows
#

---------------  S U M M A R Y ------------

Command Line: -XX:MaxMetaspaceSize=512m --add-opens=java.base/java.util=ALL-UNNAMED --add-opens=java.base/java.lang=ALL-UNNAMED --add-opens=java.base/java.lang.invoke=ALL-UNNAMED --add-opens=java.prefs/java.util.prefs=ALL-UNNAMED --add-opens=java.base/java.nio.charset=ALL-UNNAMED --add-opens=java.base/java.net=ALL-UNNAMED --add-opens=java.base/java.util.concurrent.atomic=ALL-UNNAMED -Xmx4096m -Dfile.encoding=UTF-8 -Duser.country=MX -Duser.language=es -Duser.variant -javaagent:C:\Users\sofia\.gradle\wrapper\dists\gradle-8.6-bin\afr5mpiioh2wthjmwnkmdsd5w\gradle-8.6\lib\agents\gradle-instrumentation-agent-8.6.jar org.gradle.launcher.daemon.bootstrap.GradleDaemon 8.6

Host: Intel(R) Pentium(R) Silver N5030 CPU @ 1.10GHz, 4 cores, 7G,  Windows 11 , 64 bit Build 26100 (10.0.26100.4484)
Time: Thu May 28 19:16:36 2026 Hora estándar de Venezuela elapsed time: 174.109821 seconds (0d 0h 2m 54s)

---------------  T H R E A D  ---------------

Current thread (0x000001be4ed3da40):  VMThread "VM Thread" [stack: 0x00000029dd700000,0x00000029dd800000] [id=6472]

Stack: [0x00000029dd700000,0x00000029dd800000]
Native frames: (J=compiled Java code, j=interpreted, Vv=VM code, C=native code)
V  [jvm.dll+0x678a4a]
V  [jvm.dll+0x7d9cfd]
V  [jvm.dll+0x7db60e]
V  [jvm.dll+0x7dbc73]
V  [jvm.dll+0x245e1f]
V  [jvm.dll+0x6758f9]
V  [jvm.dll+0x66a2a2]
V  [jvm.dll+0x303686]
V  [jvm.dll+0x30ac06]
V  [jvm.dll+0x35a48e]
V  [jvm.dll+0x35a6bf]
V  [jvm.dll+0x2da678]
V  [jvm.dll+0x2d8a85]
V  [jvm.dll+0x2d808c]
V  [jvm.dll+0x31b97b]
V  [jvm.dll+0x7e048b]
V  [jvm.dll+0x7e11c4]
V  [jvm.dll+0x7e16dd]
V  [jvm.dll+0x7e1ab4]
V  [jvm.dll+0x7e1b80]
V  [jvm.dll+0x78998a]
V  [jvm.dll+0x677875]
C  [ucrtbase.dll+0x37b0]
C  [KERNEL32.DLL+0x2e8d7]
C  [ntdll.dll+0x3c34c]

VM_Operation (0x00000029e38fe680): G1CollectForAllocation, mode: safepoint, requested by thread 0x000001be71988ed0


---------------  P R O C E S S  ---------------

Threads class SMR info:
_java_thread_list=0x000001be735767e0, length=96, elements={
0x000001be2c8c46e0, 0x000001be4ed41830, 0x000001be4ed43f20, 0x000001be4ed52810,
0x000001be4ed54d00, 0x000001be4ed551e0, 0x000001be4ed5a270, 0x000001be4ed5b220,
0x000001be4ed664c0, 0x000001be4ed79a10, 0x000001be4ed2e060, 0x000001be6e24d290,
0x000001be7013a6d0, 0x000001be7021f0f0, 0x000001be70b3d030, 0x000001be6ebb87a0,
0x000001be7085f150, 0x000001be6fcd64e0, 0x000001be70587720, 0x000001be6f3375b0,
0x000001be6f339920, 0x000001be6f33a340, 0x000001be6f339e30, 0x000001be6f3370a0,
0x000001be6f337ac0, 0x000001be6f3384e0, 0x000001be6f3389f0, 0x000001be6f339410,
0x000001be6fe709b0, 0x000001be6fe713d0, 0x000001be6fe6ff90, 0x000001be6fe704a0,
0x000001be6fe6fa80, 0x000001be6fe72d20, 0x000001be6fe6f570, 0x000001be6fe755a0,
0x000001be6fe75090, 0x000001be6fe75fc0, 0x000001be6fe73230, 0x000001be6fe764d0,
0x000001be6fe74670, 0x000001be71b112d0, 0x000001be71b108b0, 0x000001be71b11cf0,
0x000001be71b12200, 0x000001be71b0ea50, 0x000001be6f33a850, 0x000001be6f337fd0,
0x000001be6fe70ec0, 0x000001be719884b0, 0x000001be719889c0, 0x000001be71987a90,
0x000001be7198a310, 0x000001be71989e00, 0x000001be719898f0, 0x000001be7198a820,
0x000001be7198ad30, 0x000001be7198c170, 0x000001be7198b750, 0x000001be7198bc60,
0x000001be7198c680, 0x000001be719893e0, 0x000001be7198d0a0, 0x000001be7198ef00,
0x000001be7198dfd0, 0x000001be7198e4e0, 0x000001be7198e9f0, 0x000001be6fe718e0,
0x000001be6fe71df0, 0x000001be73266dd0, 0x000001be73265990, 0x000001be73265ea0,
0x000001be732663b0, 0x000001be73264a60, 0x000001be732668c0, 0x000001be732672e0,
0x000001be73264550, 0x000001be73264040, 0x000001be73269140, 0x000001be73268720,
0x000001be73268c30, 0x000001be7326aa90, 0x000001be7326a580, 0x000001be7326a070,
0x000001be73269650, 0x000001be732677f0, 0x000001be7326afa0, 0x000001be73269b60,
0x000001be7326b4b0, 0x000001be73267d00, 0x000001be73268210, 0x000001be71987580,
0x000001be71988ed0, 0x000001be71987fa0, 0x000001be7198cb90, 0x000001be6f7b31c0
}

Java Threads: ( => current thread )
  0x000001be2c8c46e0 JavaThread "main" [_thread_blocked, id=6368, stack(0x00000029dd100000,0x00000029dd200000)]
  0x000001be4ed41830 JavaThread "Reference Handler" daemon [_thread_blocked, id=5980, stack(0x00000029dd800000,0x00000029dd900000)]
  0x000001be4ed43f20 JavaThread "Finalizer" daemon [_thread_blocked, id=24972, stack(0x00000029dd900000,0x00000029dda00000)]
  0x000001be4ed52810 JavaThread "Signal Dispatcher" daemon [_thread_blocked, id=24596, stack(0x00000029dda00000,0x00000029ddb00000)]
  0x000001be4ed54d00 JavaThread "Attach Listener" daemon [_thread_blocked, id=10244, stack(0x00000029ddb00000,0x00000029ddc00000)]
  0x000001be4ed551e0 JavaThread "Service Thread" daemon [_thread_blocked, id=8148, stack(0x00000029ddc00000,0x00000029ddd00000)]
  0x000001be4ed5a270 JavaThread "Monitor Deflation Thread" daemon [_thread_blocked, id=23056, stack(0x00000029ddd00000,0x00000029dde00000)]
  0x000001be4ed5b220 JavaThread "C2 CompilerThread0" daemon [_thread_in_native, id=15492, stack(0x00000029dde00000,0x00000029ddf00000)]
  0x000001be4ed664c0 JavaThread "C1 CompilerThread0" daemon [_thread_blocked, id=27804, stack(0x00000029ddf00000,0x00000029de000000)]
  0x000001be4ed79a10 JavaThread "Sweeper thread" daemon [_thread_blocked, id=20828, stack(0x00000029de000000,0x00000029de100000)]
  0x000001be4ed2e060 JavaThread "Common-Cleaner" daemon [_thread_blocked, id=27112, stack(0x00000029de100000,0x00000029de200000)]
  0x000001be6e24d290 JavaThread "Notification Thread" daemon [_thread_blocked, id=28732, stack(0x00000029de200000,0x00000029de300000)]
  0x000001be7013a6d0 JavaThread "Daemon health stats" [_thread_blocked, id=26124, stack(0x00000029de800000,0x00000029de900000)]
  0x000001be7021f0f0 JavaThread "Incoming local TCP Connector on port 65125" [_thread_in_native, id=33076, stack(0x00000029de400000,0x00000029de500000)]
  0x000001be70b3d030 JavaThread "Daemon periodic checks" [_thread_blocked, id=15816, stack(0x00000029de900000,0x00000029dea00000)]
  0x000001be6ebb87a0 JavaThread "Daemon" [_thread_blocked, id=29896, stack(0x00000029deb00000,0x00000029dec00000)]
  0x000001be7085f150 JavaThread "Handler for socket connection from /127.0.0.1:65125 to /127.0.0.1:65126" [_thread_in_native, id=8516, stack(0x00000029dec00000,0x00000029ded00000)]
  0x000001be6fcd64e0 JavaThread "Cancel handler" [_thread_blocked, id=23372, stack(0x00000029dea00000,0x00000029deb00000)]
  0x000001be70587720 JavaThread "Daemon worker" [_thread_blocked, id=8900, stack(0x00000029ded00000,0x00000029dee00000)]
  0x000001be6f3375b0 JavaThread "Asynchronous log dispatcher for DefaultDaemonConnection: socket connection from /127.0.0.1:65125 to /127.0.0.1:65126" [_thread_blocked, id=11020, stack(0x00000029dee00000,0x00000029def00000)]
  0x000001be6f339920 JavaThread "Stdin handler" [_thread_blocked, id=16300, stack(0x00000029def00000,0x00000029df000000)]
  0x000001be6f33a340 JavaThread "Daemon client event forwarder" [_thread_blocked, id=29428, stack(0x00000029df000000,0x00000029df100000)]
  0x000001be6f339e30 JavaThread "Cache worker for journal cache (C:\Users\sofia\.gradle\caches\journal-1)" [_thread_blocked, id=29276, stack(0x00000029df100000,0x00000029df200000)]
  0x000001be6f3370a0 JavaThread "File lock request listener" [_thread_in_native, id=4168, stack(0x00000029df200000,0x00000029df300000)]
  0x000001be6f337ac0 JavaThread "Cache worker for file hash cache (C:\Users\sofia\.gradle\caches\8.6\fileHashes)" [_thread_blocked, id=12840, stack(0x00000029df300000,0x00000029df400000)]
  0x000001be6f3384e0 JavaThread "File watcher server" daemon [_thread_blocked, id=16532, stack(0x00000029df500000,0x00000029df600000)]
  0x000001be6f3389f0 JavaThread "File watcher consumer" daemon [_thread_blocked, id=7068, stack(0x00000029df600000,0x00000029df700000)]
  0x000001be6f339410 JavaThread "Cache worker for checksums cache (C:\Users\sofia\Downloads\app_gestion_itinerario\.gradle\8.6\checksums)" [_thread_blocked, id=18208, stack(0x00000029df700000,0x00000029df800000)]
  0x000001be6fe709b0 JavaThread "Cache worker for file hash cache (C:\Users\sofia\Downloads\app_gestion_itinerario\.gradle\8.6\fileHashes)" [_thread_blocked, id=24616, stack(0x00000029df400000,0x00000029df500000)]
  0x000001be6fe713d0 JavaThread "Cache worker for cache directory md-supplier (C:\Users\sofia\.gradle\caches\8.6\md-supplier)" [_thread_blocked, id=32528, stack(0x00000029df800000,0x00000029df900000)]
  0x000001be6fe6ff90 JavaThread "Cache worker for cache directory md-rule (C:\Users\sofia\.gradle\caches\8.6\md-rule)" [_thread_blocked, id=17396, stack(0x00000029df900000,0x00000029dfa00000)]
  0x000001be6fe704a0 JavaThread "Cache worker for file content cache (C:\Users\sofia\.gradle\caches\8.6\fileContent)" [_thread_blocked, id=28044, stack(0x00000029dfa00000,0x00000029dfb00000)]
  0x000001be6fe6fa80 JavaThread "jar transforms" [_thread_blocked, id=13696, stack(0x00000029dfc00000,0x00000029dfd00000)]
  0x000001be6fe72d20 JavaThread "jar transforms Thread 2" [_thread_blocked, id=7488, stack(0x00000029dfd00000,0x00000029dfe00000)]
  0x000001be6fe6f570 JavaThread "jar transforms Thread 3" [_thread_blocked, id=27584, stack(0x00000029dfe00000,0x00000029dff00000)]
  0x000001be6fe755a0 JavaThread "jar transforms Thread 4" [_thread_blocked, id=20036, stack(0x00000029dff00000,0x00000029e0000000)]
  0x000001be6fe75090 JavaThread "Cache worker for Build Output Cleanup Cache (C:\Users\sofia\Downloads\app_gestion_itinerario\.gradle\buildOutputCleanup)" [_thread_blocked, id=1104, stack(0x00000029e0000000,0x00000029e0100000)]
  0x000001be6fe75fc0 JavaThread "Unconstrained build operations" [_thread_blocked, id=13100, stack(0x00000029e0100000,0x00000029e0200000)]
  0x000001be6fe73230 JavaThread "Unconstrained build operations Thread 2" [_thread_blocked, id=12216, stack(0x00000029e0200000,0x00000029e0300000)]
  0x000001be6fe764d0 JavaThread "Unconstrained build operations Thread 3" [_thread_blocked, id=2548, stack(0x00000029e0300000,0x00000029e0400000)]
  0x000001be6fe74670 JavaThread "Memory manager" [_thread_blocked, id=26440, stack(0x00000029e0500000,0x00000029e0600000)]
  0x000001be71b112d0 JavaThread "build event listener" [_thread_blocked, id=22144, stack(0x00000029e0400000,0x00000029e0500000)]
  0x000001be71b108b0 JavaThread "pool-3-thread-1" [_thread_blocked, id=18420, stack(0x00000029e0900000,0x00000029e0a00000)]
  0x000001be71b11cf0 JavaThread "build event listener" [_thread_blocked, id=7944, stack(0x00000029e0a00000,0x00000029e0b00000)]
  0x000001be71b12200 JavaThread "included builds" [_thread_blocked, id=5152, stack(0x00000029e0b00000,0x00000029e0c00000)]
  0x000001be71b0ea50 JavaThread "Execution worker" [_thread_blocked, id=22188, stack(0x00000029e0c00000,0x00000029e0d00000)]
  0x000001be6f33a850 JavaThread "Execution worker Thread 2" [_thread_blocked, id=32780, stack(0x00000029e0d00000,0x00000029e0e00000)]
  0x000001be6f337fd0 JavaThread "Execution worker Thread 3" [_thread_blocked, id=20992, stack(0x00000029e0e00000,0x00000029e0f00000)]
  0x000001be6fe70ec0 JavaThread "Cache worker for execution history cache (C:\Users\sofia\Downloads\app_gestion_itinerario\.gradle\8.6\executionHistory)" [_thread_blocked, id=22240, stack(0x00000029e0f00000,0x00000029e1000000)]
  0x000001be719884b0 JavaThread "Unconstrained build operations Thread 4" [_thread_blocked, id=23180, stack(0x00000029e1000000,0x00000029e1100000)]
  0x000001be719889c0 JavaThread "Unconstrained build operations Thread 5" [_thread_blocked, id=18756, stack(0x00000029e1100000,0x00000029e1200000)]
  0x000001be71987a90 JavaThread "Unconstrained build operations Thread 6" [_thread_blocked, id=33548, stack(0x00000029e1200000,0x00000029e1300000)]
  0x000001be7198a310 JavaThread "Unconstrained build operations Thread 7" [_thread_blocked, id=8672, stack(0x00000029dcf00000,0x00000029dd000000)]
  0x000001be71989e00 JavaThread "Unconstrained build operations Thread 8" [_thread_blocked, id=31680, stack(0x00000029dd000000,0x00000029dd100000)]
  0x000001be719898f0 JavaThread "Unconstrained build operations Thread 9" [_thread_blocked, id=16728, stack(0x00000029e1300000,0x00000029e1400000)]
  0x000001be7198a820 JavaThread "WorkerExecutor Queue Thread 3" [_thread_blocked, id=24088, stack(0x00000029e1700000,0x00000029e1800000)]
  0x000001be7198ad30 JavaThread "WorkerExecutor Queue Thread 4" [_thread_blocked, id=30060, stack(0x00000029e1600000,0x00000029e1700000)]
  0x000001be7198c170 JavaThread "Unconstrained build operations Thread 10" [_thread_blocked, id=2336, stack(0x00000029e1900000,0x00000029e1a00000)]
  0x000001be7198b750 JavaThread "Unconstrained build operations Thread 11" [_thread_blocked, id=31464, stack(0x00000029e1a00000,0x00000029e1b00000)]
  0x000001be7198bc60 JavaThread "Unconstrained build operations Thread 12" [_thread_blocked, id=22168, stack(0x00000029e1b00000,0x00000029e1c00000)]
  0x000001be7198c680 JavaThread "Unconstrained build operations Thread 13" [_thread_blocked, id=8548, stack(0x00000029e1c00000,0x00000029e1d00000)]
  0x000001be719893e0 JavaThread "Unconstrained build operations Thread 14" [_thread_blocked, id=33660, stack(0x00000029e0700000,0x00000029e0800000)]
  0x000001be7198d0a0 JavaThread "Unconstrained build operations Thread 15" [_thread_blocked, id=11392, stack(0x00000029e1d00000,0x00000029e1e00000)]
  0x000001be7198ef00 JavaThread "Unconstrained build operations Thread 16" [_thread_blocked, id=20920, stack(0x00000029e1e00000,0x00000029e1f00000)]
  0x000001be7198dfd0 JavaThread "Unconstrained build operations Thread 17" [_thread_blocked, id=14420, stack(0x00000029e1f00000,0x00000029e2000000)]
  0x000001be7198e4e0 JavaThread "Unconstrained build operations Thread 18" [_thread_blocked, id=14048, stack(0x00000029e2000000,0x00000029e2100000)]
  0x000001be7198e9f0 JavaThread "Unconstrained build operations Thread 19" [_thread_blocked, id=29332, stack(0x00000029e2100000,0x00000029e2200000)]
  0x000001be6fe718e0 JavaThread "WorkerExecutor Queue Thread 5" [_thread_blocked, id=20496, stack(0x00000029e2200000,0x00000029e2300000)]
  0x000001be6fe71df0 JavaThread "Unconstrained build operations Thread 20" [_thread_blocked, id=30796, stack(0x00000029e2300000,0x00000029e2400000)]
  0x000001be73266dd0 JavaThread "Unconstrained build operations Thread 21" [_thread_blocked, id=15244, stack(0x00000029e2400000,0x00000029e2500000)]
  0x000001be73265990 JavaThread "Unconstrained build operations Thread 22" [_thread_blocked, id=26804, stack(0x00000029e2500000,0x00000029e2600000)]
  0x000001be73265ea0 JavaThread "Unconstrained build operations Thread 23" [_thread_blocked, id=11588, stack(0x00000029e2600000,0x00000029e2700000)]
  0x000001be732663b0 JavaThread "Unconstrained build operations Thread 24" [_thread_blocked, id=6724, stack(0x00000029e2700000,0x00000029e2800000)]
  0x000001be73264a60 JavaThread "Unconstrained build operations Thread 25" [_thread_blocked, id=8332, stack(0x00000029e2800000,0x00000029e2900000)]
  0x000001be732668c0 JavaThread "Unconstrained build operations Thread 26" [_thread_blocked, id=26444, stack(0x00000029e2900000,0x00000029e2a00000)]
  0x000001be732672e0 JavaThread "Unconstrained build operations Thread 27" [_thread_blocked, id=18900, stack(0x00000029e2a00000,0x00000029e2b00000)]
  0x000001be73264550 JavaThread "Unconstrained build operations Thread 28" [_thread_blocked, id=13916, stack(0x00000029e2b00000,0x00000029e2c00000)]
  0x000001be73264040 JavaThread "Unconstrained build operations Thread 29" [_thread_blocked, id=20040, stack(0x00000029e2c00000,0x00000029e2d00000)]
  0x000001be73269140 JavaThread "Unconstrained build operations Thread 30" [_thread_blocked, id=652, stack(0x00000029e2d00000,0x00000029e2e00000)]
  0x000001be73268720 JavaThread "Unconstrained build operations Thread 31" [_thread_blocked, id=19780, stack(0x00000029e2e00000,0x00000029e2f00000)]
  0x000001be73268c30 JavaThread "Unconstrained build operations Thread 32" [_thread_blocked, id=24664, stack(0x00000029e2f00000,0x00000029e3000000)]
  0x000001be7326aa90 JavaThread "Unconstrained build operations Thread 33" [_thread_blocked, id=1632, stack(0x00000029dce00000,0x00000029dcf00000)]
  0x000001be7326a580 JavaThread "Unconstrained build operations Thread 34" [_thread_blocked, id=30824, stack(0x00000029e1800000,0x00000029e1900000)]
  0x000001be7326a070 JavaThread "Unconstrained build operations Thread 35" [_thread_blocked, id=24312, stack(0x00000029e3000000,0x00000029e3100000)]
  0x000001be73269650 JavaThread "Unconstrained build operations Thread 36" [_thread_blocked, id=8716, stack(0x00000029e3100000,0x00000029e3200000)]
  0x000001be732677f0 JavaThread "Unconstrained build operations Thread 37" [_thread_blocked, id=10312, stack(0x00000029e3200000,0x00000029e3300000)]
  0x000001be7326afa0 JavaThread "Unconstrained build operations Thread 38" [_thread_blocked, id=5108, stack(0x00000029e3300000,0x00000029e3400000)]
  0x000001be73269b60 JavaThread "pool-4-thread-1" [_thread_blocked, id=10416, stack(0x00000029e3400000,0x00000029e3500000)]
  0x000001be7326b4b0 JavaThread "stderr" [_thread_in_native, id=17236, stack(0x00000029e3500000,0x00000029e3600000)]
  0x000001be73267d00 JavaThread "stdout" [_thread_in_native, id=19472, stack(0x00000029e3600000,0x00000029e3700000)]
  0x000001be73268210 JavaThread "WorkerExecutor Queue Thread 6" [_thread_blocked, id=8028, stack(0x00000029e3700000,0x00000029e3800000)]
  0x000001be71987580 JavaThread "ForkJoinPool-1-worker-1" daemon [_thread_blocked, id=18216, stack(0x00000029e0600000,0x00000029e0700000)]
  0x000001be71988ed0 JavaThread "ForkJoinPool-1-worker-2" daemon [_thread_blocked, id=20436, stack(0x00000029e3800000,0x00000029e3900000)]
  0x000001be71987fa0 JavaThread "ForkJoinPool-1-worker-3" daemon [_thread_blocked, id=23324, stack(0x00000029e3900000,0x00000029e3a00000)]
  0x000001be7198cb90 JavaThread "ForkJoinPool-1-worker-4" daemon [_thread_blocked, id=11584, stack(0x00000029e3a00000,0x00000029e3b00000)]
  0x000001be6f7b31c0 JavaThread "C2 CompilerThread1" daemon [_thread_in_native, id=764, stack(0x00000029e3b00000,0x00000029e3c00000)]

Other Threads:
=>0x000001be4ed3da40 VMThread "VM Thread" [stack: 0x00000029dd700000,0x00000029dd800000] [id=6472]
  0x000001be6e1b6bc0 WatcherThread [stack: 0x00000029de300000,0x00000029de400000] [id=30512]
  0x000001be2c930770 GCTaskThread "GC Thread#0" [stack: 0x00000029dd200000,0x00000029dd300000] [id=13796]
  0x000001be6e3d4a50 GCTaskThread "GC Thread#1" [stack: 0x00000029de500000,0x00000029de600000] [id=32564]
  0x000001be6e54f070 GCTaskThread "GC Thread#2" [stack: 0x00000029de600000,0x00000029de700000] [id=31860]
  0x000001be6e9b7510 GCTaskThread "GC Thread#3" [stack: 0x00000029de700000,0x00000029de800000] [id=32960]
  0x000001be2c942740 ConcurrentGCThread "G1 Main Marker" [stack: 0x00000029dd300000,0x00000029dd400000] [id=11992]
  0x000001be2c944a80 ConcurrentGCThread "G1 Conc#0" [stack: 0x00000029dd400000,0x00000029dd500000] [id=15268]
  0x000001be4ec03fc0 ConcurrentGCThread "G1 Refine#0" [stack: 0x00000029dd500000,0x00000029dd600000] [id=30148]
  0x000001be709a3130 ConcurrentGCThread "G1 Refine#1" [stack: 0x00000029dfb00000,0x00000029dfc00000] [id=16256]
  0x000001be704020f0 ConcurrentGCThread "G1 Refine#2" [stack: 0x00000029e1400000,0x00000029e1500000] [id=26112]
  0x000001be70400c60 ConcurrentGCThread "G1 Refine#3" [stack: 0x00000029e1500000,0x00000029e1600000] [id=27264]
  0x000001be4ec043b0 ConcurrentGCThread "G1 Service" [stack: 0x00000029dd600000,0x00000029dd700000] [id=19536]

Threads with active compile tasks:
C2 CompilerThread0   174242 17801       4       com.android.tools.r8.dex.C::a (836 bytes)
C2 CompilerThread1   174242 17775 %     4       com.android.tools.r8.dex.C::a @ 292 (981 bytes)

VM state: at safepoint (normal execution)

VM Mutex/Monitor currently owned by a thread:  ([mutex/lock_event])
[0x000001be2c8bfcd0] Threads_lock - owner thread: 0x000001be4ed3da40
[0x000001be2c8c0390] Heap_lock - owner thread: 0x000001be71988ed0

Heap address: 0x0000000700000000, size: 4096 MB, Compressed Oops mode: Zero based, Oop shift amount: 3

CDS archive(s) mapped at: [0x000001be4f000000-0x000001be4fbd0000-0x000001be4fbd0000), size 12386304, SharedBaseAddress: 0x000001be4f000000, ArchiveRelocationMode: 1.
Compressed class space mapped at: 0x000001be50000000-0x000001be6a000000, reserved size: 436207616
Narrow klass base: 0x000001be4f000000, Narrow klass shift: 0, Narrow klass range: 0x100000000

GC Precious Log:
 CPUs: 4 total, 4 available
 Memory: 8005M
 Large Page Support: Disabled
 NUMA Support: Disabled
 Compressed Oops: Enabled (Zero based)
 Heap Region Size: 2M
 Heap Min Capacity: 8M
 Heap Initial Capacity: 126M
 Heap Max Capacity: 4G
 Pre-touch: Disabled
 Parallel Workers: 4
 Concurrent Workers: 1
 Concurrent Refinement Workers: 4
 Periodic GC: Disabled

Heap:
 garbage-first heap   total 641024K, used 369664K [0x0000000700000000, 0x0000000800000000)
  region size 2048K, 2 young (4096K), 2 survivors (4096K)
 Metaspace       used 111995K, committed 112960K, reserved 557056K
  class space    used 15223K, committed 15680K, reserved 425984K

Heap Regions: E=young(eden), S=young(survivor), O=old, HS=humongous(starts), HC=humongous(continues), CS=collection set, F=free, OA=open archive, CA=closed archive, TAMS=top-at-mark-start (previous, next)
|   0|0x0000000700000000, 0x0000000700200000, 0x0000000700200000|100%| O|  |TAMS 0x0000000700200000, 0x0000000700200000| Untracked 
|   1|0x0000000700200000, 0x0000000700400000, 0x0000000700400000|100%|HS|  |TAMS 0x0000000700400000, 0x0000000700400000| Complete 
|   2|0x0000000700400000, 0x0000000700600000, 0x0000000700600000|100%|HC|  |TAMS 0x0000000700600000, 0x0000000700600000| Complete 
|   3|0x0000000700600000, 0x0000000700800000, 0x0000000700800000|100%| O|  |TAMS 0x0000000700800000, 0x0000000700800000| Untracked 
|   4|0x0000000700800000, 0x0000000700a00000, 0x0000000700a00000|100%| O|  |TAMS 0x0000000700a00000, 0x0000000700a00000| Untracked 
|   5|0x0000000700a00000, 0x0000000700c00000, 0x0000000700c00000|100%| O|  |TAMS 0x0000000700c00000, 0x0000000700c00000| Untracked 
|   6|0x0000000700c00000, 0x0000000700e00000, 0x0000000700e00000|100%| O|  |TAMS 0x0000000700e00000, 0x0000000700e00000| Untracked 
|   7|0x0000000700e00000, 0x0000000701000000, 0x0000000701000000|100%| O|  |TAMS 0x0000000701000000, 0x0000000701000000| Untracked 
|   8|0x0000000701000000, 0x0000000701200000, 0x0000000701200000|100%| O|  |TAMS 0x0000000701200000, 0x0000000701200000| Untracked 
|   9|0x0000000701200000, 0x0000000701400000, 0x0000000701400000|100%| O|  |TAMS 0x0000000701400000, 0x0000000701400000| Untracked 
|  10|0x0000000701400000, 0x0000000701600000, 0x0000000701600000|100%| O|  |TAMS 0x0000000701600000, 0x0000000701600000| Untracked 
|  11|0x0000000701600000, 0x0000000701800000, 0x0000000701800000|100%| O|  |TAMS 0x0000000701800000, 0x0000000701800000| Untracked 
|  12|0x0000000701800000, 0x0000000701a00000, 0x0000000701a00000|100%| O|  |TAMS 0x0000000701a00000, 0x0000000701a00000| Untracked 
|  13|0x0000000701a00000, 0x0000000701c00000, 0x0000000701c00000|100%| O|  |TAMS 0x0000000701c00000, 0x0000000701c00000| Untracked 
|  14|0x0000000701c00000, 0x0000000701e00000, 0x0000000701e00000|100%| O|  |TAMS 0x0000000701e00000, 0x0000000701e00000| Untracked 
|  15|0x0000000701e00000, 0x0000000702000000, 0x0000000702000000|100%| O|  |TAMS 0x0000000702000000, 0x0000000702000000| Untracked 
|  16|0x0000000702000000, 0x0000000702200000, 0x0000000702200000|100%| O|  |TAMS 0x0000000702200000, 0x0000000702200000| Untracked 
|  17|0x0000000702200000, 0x0000000702400000, 0x0000000702400000|100%| O|  |TAMS 0x0000000702400000, 0x0000000702400000| Untracked 
|  18|0x0000000702400000, 0x0000000702600000, 0x0000000702600000|100%| O|  |TAMS 0x0000000702600000, 0x0000000702600000| Untracked 
|  19|0x0000000702600000, 0x0000000702800000, 0x0000000702800000|100%|HS|  |TAMS 0x0000000702800000, 0x0000000702800000| Complete 
|  20|0x0000000702800000, 0x0000000702a00000, 0x0000000702a00000|100%| O|  |TAMS 0x0000000702a00000, 0x0000000702a00000| Untracked 
|  21|0x0000000702a00000, 0x0000000702c00000, 0x0000000702c00000|100%| O|  |TAMS 0x0000000702c00000, 0x0000000702c00000| Untracked 
|  22|0x0000000702c00000, 0x0000000702e00000, 0x0000000702e00000|100%| O|  |TAMS 0x0000000702e00000, 0x0000000702e00000| Untracked 
|  23|0x0000000702e00000, 0x0000000703000000, 0x0000000703000000|100%|HS|  |TAMS 0x0000000703000000, 0x0000000703000000| Complete 
|  24|0x0000000703000000, 0x0000000703200000, 0x0000000703200000|100%|HS|  |TAMS 0x0000000703200000, 0x0000000703200000| Complete 
|  25|0x0000000703200000, 0x0000000703400000, 0x0000000703400000|100%|HC|  |TAMS 0x0000000703400000, 0x0000000703400000| Complete 
|  26|0x0000000703400000, 0x0000000703600000, 0x0000000703600000|100%| O|  |TAMS 0x0000000703600000, 0x0000000703600000| Untracked 
|  27|0x0000000703600000, 0x0000000703800000, 0x0000000703800000|100%| O|  |TAMS 0x0000000703800000, 0x0000000703800000| Untracked 
|  28|0x0000000703800000, 0x0000000703a00000, 0x0000000703a00000|100%| O|  |TAMS 0x0000000703a00000, 0x0000000703a00000| Untracked 
|  29|0x0000000703a00000, 0x0000000703c00000, 0x0000000703c00000|100%| O|  |TAMS 0x0000000703c00000, 0x0000000703c00000| Untracked 
|  30|0x0000000703c00000, 0x0000000703e00000, 0x0000000703e00000|100%| O|  |TAMS 0x0000000703e00000, 0x0000000703e00000| Untracked 
|  31|0x0000000703e00000, 0x0000000704000000, 0x0000000704000000|100%| O|  |TAMS 0x0000000704000000, 0x0000000704000000| Untracked 
|  32|0x0000000704000000, 0x0000000704200000, 0x0000000704200000|100%| O|  |TAMS 0x0000000704200000, 0x0000000704200000| Untracked 
|  33|0x0000000704200000, 0x0000000704400000, 0x0000000704400000|100%| O|  |TAMS 0x0000000704400000, 0x0000000704400000| Untracked 
|  34|0x0000000704400000, 0x0000000704600000, 0x0000000704600000|100%| O|  |TAMS 0x0000000704600000, 0x0000000704600000| Untracked 
|  35|0x0000000704600000, 0x0000000704800000, 0x0000000704800000|100%|HS|  |TAMS 0x0000000704800000, 0x0000000704800000| Complete 
|  36|0x0000000704800000, 0x0000000704a00000, 0x0000000704a00000|100%|HC|  |TAMS 0x0000000704a00000, 0x0000000704a00000| Complete 
|  37|0x0000000704a00000, 0x0000000704c00000, 0x0000000704c00000|100%| O|  |TAMS 0x0000000704c00000, 0x0000000704c00000| Untracked 
|  38|0x0000000704c00000, 0x0000000704e00000, 0x0000000704e00000|100%| O|  |TAMS 0x0000000704e00000, 0x0000000704e00000| Untracked 
|  39|0x0000000704e00000, 0x0000000705000000, 0x0000000705000000|100%| O|  |TAMS 0x0000000705000000, 0x0000000705000000| Untracked 
|  40|0x0000000705000000, 0x0000000705200000, 0x0000000705200000|100%| O|  |TAMS 0x0000000705200000, 0x0000000705200000| Untracked 
|  41|0x0000000705200000, 0x0000000705400000, 0x0000000705400000|100%| O|  |TAMS 0x0000000705400000, 0x0000000705400000| Untracked 
|  42|0x0000000705400000, 0x0000000705600000, 0x0000000705600000|100%| O|  |TAMS 0x0000000705600000, 0x0000000705600000| Untracked 
|  43|0x0000000705600000, 0x0000000705800000, 0x0000000705800000|100%| O|  |TAMS 0x0000000705800000, 0x0000000705800000| Untracked 
|  44|0x0000000705800000, 0x0000000705a00000, 0x0000000705a00000|100%| O|  |TAMS 0x0000000705a00000, 0x0000000705a00000| Untracked 
|  45|0x0000000705a00000, 0x0000000705c00000, 0x0000000705c00000|100%| O|  |TAMS 0x0000000705c00000, 0x0000000705c00000| Untracked 
|  46|0x0000000705c00000, 0x0000000705e00000, 0x0000000705e00000|100%| O|  |TAMS 0x0000000705e00000, 0x0000000705e00000| Untracked 
|  47|0x0000000705e00000, 0x0000000706000000, 0x0000000706000000|100%| O|  |TAMS 0x0000000706000000, 0x0000000706000000| Untracked 
|  48|0x0000000706000000, 0x0000000706200000, 0x0000000706200000|100%| O|  |TAMS 0x0000000706200000, 0x0000000706200000| Untracked 
|  49|0x0000000706200000, 0x0000000706400000, 0x0000000706400000|100%| O|  |TAMS 0x0000000706400000, 0x0000000706400000| Untracked 
|  50|0x0000000706400000, 0x0000000706600000, 0x0000000706600000|100%| O|  |TAMS 0x0000000706600000, 0x0000000706600000| Untracked 
|  51|0x0000000706600000, 0x0000000706800000, 0x0000000706800000|100%| O|  |TAMS 0x0000000706800000, 0x0000000706800000| Untracked 
|  52|0x0000000706800000, 0x0000000706a00000, 0x0000000706a00000|100%|HS|  |TAMS 0x0000000706a00000, 0x0000000706a00000| Complete 
|  53|0x0000000706a00000, 0x0000000706c00000, 0x0000000706c00000|100%| O|  |TAMS 0x0000000706c00000, 0x0000000706c00000| Untracked 
|  54|0x0000000706c00000, 0x0000000706e00000, 0x0000000706e00000|100%| O|  |TAMS 0x0000000706c00000, 0x0000000706c00000| Untracked 
|  55|0x0000000706e00000, 0x0000000707000000, 0x0000000707000000|100%| O|  |TAMS 0x0000000707000000, 0x0000000707000000| Untracked 
|  56|0x0000000707000000, 0x0000000707200000, 0x0000000707200000|100%|HS|  |TAMS 0x0000000707200000, 0x0000000707200000| Complete 
|  57|0x0000000707200000, 0x0000000707400000, 0x0000000707400000|100%| O|  |TAMS 0x0000000707400000, 0x0000000707400000| Untracked 
|  58|0x0000000707400000, 0x0000000707600000, 0x0000000707600000|100%|HS|  |TAMS 0x0000000707600000, 0x0000000707600000| Complete 
|  59|0x0000000707600000, 0x0000000707800000, 0x0000000707800000|100%|HC|  |TAMS 0x0000000707800000, 0x0000000707800000| Complete 
|  60|0x0000000707800000, 0x0000000707a00000, 0x0000000707a00000|100%|HS|  |TAMS 0x0000000707a00000, 0x0000000707a00000| Complete 
|  61|0x0000000707a00000, 0x0000000707c00000, 0x0000000707c00000|100%| O|  |TAMS 0x0000000707c00000, 0x0000000707c00000| Untracked 
|  62|0x0000000707c00000, 0x0000000707e00000, 0x0000000707e00000|100%| O|  |TAMS 0x0000000707e00000, 0x0000000707e00000| Untracked 
|  63|0x0000000707e00000, 0x0000000708000000, 0x0000000708000000|100%|HS|  |TAMS 0x0000000708000000, 0x0000000708000000| Complete 
|  64|0x0000000708000000, 0x0000000708200000, 0x0000000708200000|100%|HC|  |TAMS 0x0000000708200000, 0x0000000708200000| Complete 
|  65|0x0000000708200000, 0x0000000708400000, 0x0000000708400000|100%|HS|  |TAMS 0x0000000708400000, 0x0000000708400000| Complete 
|  66|0x0000000708400000, 0x0000000708600000, 0x0000000708600000|100%|HC|  |TAMS 0x0000000708600000, 0x0000000708600000| Complete 
|  67|0x0000000708600000, 0x0000000708800000, 0x0000000708800000|100%|HS|  |TAMS 0x0000000708800000, 0x0000000708800000| Complete 
|  68|0x0000000708800000, 0x0000000708a00000, 0x0000000708a00000|100%|HS|  |TAMS 0x0000000708a00000, 0x0000000708a00000| Complete 
|  69|0x0000000708a00000, 0x0000000708c00000, 0x0000000708c00000|100%|HS|  |TAMS 0x0000000708c00000, 0x0000000708c00000| Complete 
|  70|0x0000000708c00000, 0x0000000708e00000, 0x0000000708e00000|100%|HS|  |TAMS 0x0000000708e00000, 0x0000000708e00000| Complete 
|  71|0x0000000708e00000, 0x0000000709000000, 0x0000000709000000|100%|HC|  |TAMS 0x0000000709000000, 0x0000000709000000| Complete 
|  72|0x0000000709000000, 0x0000000709200000, 0x0000000709200000|100%| O|  |TAMS 0x0000000709000000, 0x0000000709000000| Untracked 
|  73|0x0000000709200000, 0x0000000709400000, 0x0000000709400000|100%| O|  |TAMS 0x0000000709400000, 0x0000000709400000| Untracked 
|  74|0x0000000709400000, 0x0000000709600000, 0x0000000709600000|100%| O|  |TAMS 0x0000000709400000, 0x0000000709600000| Untracked 
|  75|0x0000000709600000, 0x0000000709800000, 0x0000000709800000|100%|HS|  |TAMS 0x0000000709800000, 0x0000000709800000| Complete 
|  76|0x0000000709800000, 0x0000000709a00000, 0x0000000709a00000|100%| O|  |TAMS 0x0000000709a00000, 0x0000000709a00000| Untracked 
|  77|0x0000000709a00000, 0x0000000709b00000, 0x0000000709c00000| 50%| O|  |TAMS 0x0000000709a00000, 0x0000000709a00000| Untracked 
|  78|0x0000000709c00000, 0x0000000709c00000, 0x0000000709e00000|  0%| F|  |TAMS 0x0000000709c00000, 0x0000000709c00000| Untracked 
|  79|0x0000000709e00000, 0x000000070a000000, 0x000000070a000000|100%| O|  |TAMS 0x000000070a000000, 0x000000070a000000| Untracked 
|  80|0x000000070a000000, 0x000000070a200000, 0x000000070a200000|100%| O|  |TAMS 0x000000070a200000, 0x000000070a200000| Untracked 
|  81|0x000000070a200000, 0x000000070a400000, 0x000000070a400000|100%| O|  |TAMS 0x000000070a400000, 0x000000070a400000| Untracked 
|  82|0x000000070a400000, 0x000000070a600000, 0x000000070a600000|100%|HS|  |TAMS 0x000000070a600000, 0x000000070a600000| Complete 
|  83|0x000000070a600000, 0x000000070a800000, 0x000000070a800000|100%|HC|  |TAMS 0x000000070a800000, 0x000000070a800000| Complete 
|  84|0x000000070a800000, 0x000000070aa00000, 0x000000070aa00000|100%|HC|  |TAMS 0x000000070aa00000, 0x000000070aa00000| Complete 
|  85|0x000000070aa00000, 0x000000070ac00000, 0x000000070ac00000|100%|HC|  |TAMS 0x000000070ac00000, 0x000000070ac00000| Complete 
|  86|0x000000070ac00000, 0x000000070ae00000, 0x000000070ae00000|100%|HC|  |TAMS 0x000000070ae00000, 0x000000070ae00000| Complete 
|  87|0x000000070ae00000, 0x000000070b000000, 0x000000070b000000|100%|HC|  |TAMS 0x000000070b000000, 0x000000070b000000| Complete 
|  88|0x000000070b000000, 0x000000070b200000, 0x000000070b200000|100%|HC|  |TAMS 0x000000070b200000, 0x000000070b200000| Complete 
|  89|0x000000070b200000, 0x000000070b400000, 0x000000070b400000|100%|HC|  |TAMS 0x000000070b400000, 0x000000070b400000| Complete 
|  90|0x000000070b400000, 0x000000070b600000, 0x000000070b600000|100%|HC|  |TAMS 0x000000070b600000, 0x000000070b600000| Complete 
|  91|0x000000070b600000, 0x000000070b800000, 0x000000070b800000|100%|HC|  |TAMS 0x000000070b800000, 0x000000070b800000| Complete 
|  92|0x000000070b800000, 0x000000070ba00000, 0x000000070ba00000|100%|HC|  |TAMS 0x000000070ba00000, 0x000000070ba00000| Complete 
|  93|0x000000070ba00000, 0x000000070bc00000, 0x000000070bc00000|100%|HC|  |TAMS 0x000000070bc00000, 0x000000070bc00000| Complete 
|  94|0x000000070bc00000, 0x000000070be00000, 0x000000070be00000|100%|HC|  |TAMS 0x000000070be00000, 0x000000070be00000| Complete 
|  95|0x000000070be00000, 0x000000070c000000, 0x000000070c000000|100%|HC|  |TAMS 0x000000070c000000, 0x000000070c000000| Complete 
|  96|0x000000070c000000, 0x000000070c200000, 0x000000070c200000|100%|HC|  |TAMS 0x000000070c200000, 0x000000070c200000| Complete 
|  97|0x000000070c200000, 0x000000070c400000, 0x000000070c400000|100%| O|  |TAMS 0x000000070c200000, 0x000000070c400000| Untracked 
|  98|0x000000070c400000, 0x000000070c600000, 0x000000070c600000|100%| O|  |TAMS 0x000000070c400000, 0x000000070c600000| Untracked 
|  99|0x000000070c600000, 0x000000070c800000, 0x000000070c800000|100%|HS|  |TAMS 0x000000070c800000, 0x000000070c800000| Complete 
| 100|0x000000070c800000, 0x000000070ca00000, 0x000000070ca00000|100%|HC|  |TAMS 0x000000070ca00000, 0x000000070ca00000| Complete 
| 101|0x000000070ca00000, 0x000000070cc00000, 0x000000070cc00000|100%| O|  |TAMS 0x000000070cc00000, 0x000000070cc00000| Untracked 
| 102|0x000000070cc00000, 0x000000070ce00000, 0x000000070ce00000|100%|HS|  |TAMS 0x000000070ce00000, 0x000000070ce00000| Complete 
| 103|0x000000070ce00000, 0x000000070d000000, 0x000000070d000000|100%|HS|  |TAMS 0x000000070ce00000, 0x000000070d000000| Complete 
| 104|0x000000070d000000, 0x000000070d200000, 0x000000070d200000|100%|HC|  |TAMS 0x000000070d000000, 0x000000070d200000| Complete 
| 105|0x000000070d200000, 0x000000070d400000, 0x000000070d400000|100%| O|  |TAMS 0x000000070d200000, 0x000000070d400000| Untracked 
| 106|0x000000070d400000, 0x000000070d600000, 0x000000070d600000|100%| O|  |TAMS 0x000000070d400000, 0x000000070d600000| Untracked 
| 107|0x000000070d600000, 0x000000070d800000, 0x000000070d800000|100%| O|  |TAMS 0x000000070d600000, 0x000000070d800000| Untracked 
| 108|0x000000070d800000, 0x000000070da00000, 0x000000070da00000|100%|HS|  |TAMS 0x000000070d800000, 0x000000070da00000| Complete 
| 109|0x000000070da00000, 0x000000070dc00000, 0x000000070dc00000|100%|HC|  |TAMS 0x000000070da00000, 0x000000070dc00000| Complete 
| 110|0x000000070dc00000, 0x000000070de00000, 0x000000070de00000|100%| O|  |TAMS 0x000000070dc00000, 0x000000070de00000| Untracked 
| 111|0x000000070de00000, 0x000000070e000000, 0x000000070e000000|100%|HS|  |TAMS 0x000000070de00000, 0x000000070e000000| Complete 
| 112|0x000000070e000000, 0x000000070e200000, 0x000000070e200000|100%| O|  |TAMS 0x000000070e000000, 0x000000070e200000| Untracked 
| 113|0x000000070e200000, 0x000000070e400000, 0x000000070e400000|100%|HS|  |TAMS 0x000000070e200000, 0x000000070e400000| Complete 
| 114|0x000000070e400000, 0x000000070e600000, 0x000000070e600000|100%| O|  |TAMS 0x000000070e400000, 0x000000070e600000| Untracked 
| 115|0x000000070e600000, 0x000000070e800000, 0x000000070e800000|100%|HS|  |TAMS 0x000000070e600000, 0x000000070e800000| Complete 
| 116|0x000000070e800000, 0x000000070ea00000, 0x000000070ea00000|100%| O|  |TAMS 0x000000070e800000, 0x000000070ea00000| Untracked 
| 117|0x000000070ea00000, 0x000000070ec00000, 0x000000070ec00000|100%|HS|  |TAMS 0x000000070ea00000, 0x000000070ec00000| Complete 
| 118|0x000000070ec00000, 0x000000070ee00000, 0x000000070ee00000|100%| O|  |TAMS 0x000000070ec00000, 0x000000070ee00000| Untracked 
| 119|0x000000070ee00000, 0x000000070f000000, 0x000000070f000000|100%| O|  |TAMS 0x000000070ee00000, 0x000000070f000000| Untracked 
| 120|0x000000070f000000, 0x000000070f200000, 0x000000070f200000|100%| O|  |TAMS 0x000000070f000000, 0x000000070f200000| Untracked 
| 121|0x000000070f200000, 0x000000070f400000, 0x000000070f400000|100%|HS|  |TAMS 0x000000070f400000, 0x000000070f400000| Complete 
| 122|0x000000070f400000, 0x000000070f600000, 0x000000070f600000|100%|HC|  |TAMS 0x000000070f600000, 0x000000070f600000| Complete 
| 123|0x000000070f600000, 0x000000070f800000, 0x000000070f800000|100%|HC|  |TAMS 0x000000070f800000, 0x000000070f800000| Complete 
| 124|0x000000070f800000, 0x000000070fa00000, 0x000000070fa00000|100%|HC|  |TAMS 0x000000070fa00000, 0x000000070fa00000| Complete 
| 125|0x000000070fa00000, 0x000000070fc00000, 0x000000070fc00000|100%|HC|  |TAMS 0x000000070fc00000, 0x000000070fc00000| Complete 
| 126|0x000000070fc00000, 0x000000070fe00000, 0x000000070fe00000|100%|HC|  |TAMS 0x000000070fe00000, 0x000000070fe00000| Complete 
| 127|0x000000070fe00000, 0x0000000710000000, 0x0000000710000000|100%|HC|  |TAMS 0x0000000710000000, 0x0000000710000000| Complete 
| 128|0x0000000710000000, 0x0000000710200000, 0x0000000710200000|100%|HC|  |TAMS 0x0000000710200000, 0x0000000710200000| Complete 
| 129|0x0000000710200000, 0x0000000710400000, 0x0000000710400000|100%|HC|  |TAMS 0x0000000710400000, 0x0000000710400000| Complete 
| 130|0x0000000710400000, 0x0000000710600000, 0x0000000710600000|100%|HC|  |TAMS 0x0000000710600000, 0x0000000710600000| Complete 
| 131|0x0000000710600000, 0x0000000710800000, 0x0000000710800000|100%|HC|  |TAMS 0x0000000710800000, 0x0000000710800000| Complete 
| 132|0x0000000710800000, 0x0000000710a00000, 0x0000000710a00000|100%|HC|  |TAMS 0x0000000710a00000, 0x0000000710a00000| Complete 
| 133|0x0000000710a00000, 0x0000000710c00000, 0x0000000710c00000|100%|HC|  |TAMS 0x0000000710c00000, 0x0000000710c00000| Complete 
| 134|0x0000000710c00000, 0x0000000710e00000, 0x0000000710e00000|100%|HC|  |TAMS 0x0000000710e00000, 0x0000000710e00000| Complete 
| 135|0x0000000710e00000, 0x0000000711000000, 0x0000000711000000|100%|HC|  |TAMS 0x0000000711000000, 0x0000000711000000| Complete 
| 136|0x0000000711000000, 0x0000000711200000, 0x0000000711200000|100%| O|  |TAMS 0x0000000711200000, 0x0000000711200000| Untracked 
| 137|0x0000000711200000, 0x0000000711400000, 0x0000000711400000|100%| O|  |TAMS 0x0000000711400000, 0x0000000711400000| Untracked 
| 138|0x0000000711400000, 0x0000000711600000, 0x0000000711600000|100%| O|  |TAMS 0x0000000711600000, 0x0000000711600000| Untracked 
| 139|0x0000000711600000, 0x0000000711800000, 0x0000000711800000|100%| O|  |TAMS 0x0000000711800000, 0x0000000711800000| Untracked 
| 140|0x0000000711800000, 0x0000000711a00000, 0x0000000711a00000|100%| O|  |TAMS 0x0000000711a00000, 0x0000000711a00000| Untracked 
| 141|0x0000000711a00000, 0x0000000711c00000, 0x0000000711c00000|100%| O|  |TAMS 0x0000000711c00000, 0x0000000711c00000| Untracked 
| 142|0x0000000711c00000, 0x0000000711e00000, 0x0000000711e00000|100%| O|  |TAMS 0x0000000711e00000, 0x0000000711e00000| Untracked 
| 143|0x0000000711e00000, 0x0000000712000000, 0x0000000712000000|100%| O|  |TAMS 0x0000000712000000, 0x0000000712000000| Untracked 
| 144|0x0000000712000000, 0x0000000712200000, 0x0000000712200000|100%| O|  |TAMS 0x0000000712200000, 0x0000000712200000| Untracked 
| 145|0x0000000712200000, 0x0000000712400000, 0x0000000712400000|100%| O|  |TAMS 0x0000000712400000, 0x0000000712400000| Untracked 
| 146|0x0000000712400000, 0x0000000712600000, 0x0000000712600000|100%| O|  |TAMS 0x0000000712600000, 0x0000000712600000| Untracked 
| 147|0x0000000712600000, 0x0000000712800000, 0x0000000712800000|100%| O|  |TAMS 0x0000000712800000, 0x0000000712800000| Untracked 
| 148|0x0000000712800000, 0x0000000712a00000, 0x0000000712a00000|100%| O|  |TAMS 0x0000000712a00000, 0x0000000712a00000| Untracked 
| 149|0x0000000712a00000, 0x0000000712c00000, 0x0000000712c00000|100%| O|  |TAMS 0x0000000712c00000, 0x0000000712c00000| Untracked 
| 150|0x0000000712c00000, 0x0000000712e00000, 0x0000000712e00000|100%| O|  |TAMS 0x0000000712ca0c00, 0x0000000712e00000| Untracked 
| 151|0x0000000712e00000, 0x0000000713000000, 0x0000000713000000|100%|HS|  |TAMS 0x0000000712e00000, 0x0000000713000000| Complete 
| 152|0x0000000713000000, 0x0000000713200000, 0x0000000713200000|100%|HC|  |TAMS 0x0000000713000000, 0x0000000713200000| Complete 
| 153|0x0000000713200000, 0x0000000713400000, 0x0000000713400000|100%|HS|  |TAMS 0x0000000713200000, 0x0000000713400000| Complete 
| 154|0x0000000713400000, 0x0000000713600000, 0x0000000713600000|100%| O|  |TAMS 0x0000000713400000, 0x000000071356ce00| Untracked 
| 155|0x0000000713600000, 0x0000000713600000, 0x0000000713800000|  0%| F|  |TAMS 0x0000000713600000, 0x0000000713600000| Untracked 
| 156|0x0000000713800000, 0x0000000713a00000, 0x0000000713a00000|100%|HS|  |TAMS 0x0000000713800000, 0x0000000713a00000| Complete 
| 157|0x0000000713a00000, 0x0000000713c00000, 0x0000000713c00000|100%|HS|  |TAMS 0x0000000713a00000, 0x0000000713c00000| Complete 
| 158|0x0000000713c00000, 0x0000000713e00000, 0x0000000713e00000|100%|HC|  |TAMS 0x0000000713c00000, 0x0000000713e00000| Complete 
| 159|0x0000000713e00000, 0x0000000714000000, 0x0000000714000000|100%| O|  |TAMS 0x0000000713e00000, 0x0000000714000000| Untracked 
| 160|0x0000000714000000, 0x0000000714200000, 0x0000000714200000|100%| O|  |TAMS 0x0000000714000000, 0x0000000714200000| Untracked 
| 161|0x0000000714200000, 0x0000000714400000, 0x0000000714400000|100%| O|  |TAMS 0x0000000714200000, 0x0000000714400000| Untracked 
| 162|0x0000000714400000, 0x0000000714600000, 0x0000000714600000|100%| O|  |TAMS 0x0000000714400000, 0x0000000714600000| Untracked 
| 163|0x0000000714600000, 0x0000000714800000, 0x0000000714800000|100%| O|  |TAMS 0x0000000714600000, 0x0000000714800000| Untracked 
| 164|0x0000000714800000, 0x0000000714a00000, 0x0000000714a00000|100%| O|  |TAMS 0x0000000714800000, 0x0000000714a00000| Untracked 
| 165|0x0000000714a00000, 0x0000000714c00000, 0x0000000714c00000|100%| O|  |TAMS 0x0000000714a00000, 0x0000000714c00000| Untracked 
| 166|0x0000000714c00000, 0x0000000714e00000, 0x0000000714e00000|100%| O|  |TAMS 0x0000000714c00000, 0x0000000714e00000| Untracked 
| 167|0x0000000714e00000, 0x0000000715000000, 0x0000000715000000|100%| O|  |TAMS 0x0000000714e00000, 0x0000000715000000| Untracked 
| 168|0x0000000715000000, 0x0000000715200000, 0x0000000715200000|100%| O|  |TAMS 0x0000000715000000, 0x0000000715200000| Untracked 
| 169|0x0000000715200000, 0x0000000715400000, 0x0000000715400000|100%| O|  |TAMS 0x0000000715200000, 0x0000000715400000| Untracked 
| 170|0x0000000715400000, 0x0000000715600000, 0x0000000715600000|100%| O|  |TAMS 0x0000000715400000, 0x0000000715600000| Untracked 
| 171|0x0000000715600000, 0x0000000715800000, 0x0000000715800000|100%| O|  |TAMS 0x0000000715600000, 0x0000000715800000| Untracked 
| 172|0x0000000715800000, 0x0000000715a00000, 0x0000000715a00000|100%| O|  |TAMS 0x0000000715800000, 0x0000000715a00000| Untracked 
| 173|0x0000000715a00000, 0x0000000715c00000, 0x0000000715c00000|100%| O|  |TAMS 0x0000000715a00000, 0x0000000715c00000| Untracked 
| 174|0x0000000715c00000, 0x0000000715e00000, 0x0000000715e00000|100%| O|  |TAMS 0x0000000715c00000, 0x0000000715e00000| Untracked 
| 175|0x0000000715e00000, 0x0000000716000000, 0x0000000716000000|100%| O|  |TAMS 0x0000000715e00000, 0x0000000716000000| Untracked 
| 176|0x0000000716000000, 0x0000000716200000, 0x0000000716200000|100%| O|  |TAMS 0x0000000716000000, 0x0000000716200000| Untracked 
| 177|0x0000000716200000, 0x0000000716400000, 0x0000000716400000|100%| O|  |TAMS 0x0000000716200000, 0x0000000716400000| Untracked 
| 178|0x0000000716400000, 0x0000000716600000, 0x0000000716600000|100%| O|  |TAMS 0x0000000716400000, 0x0000000716600000| Untracked 
| 179|0x0000000716600000, 0x0000000716800000, 0x0000000716800000|100%| O|  |TAMS 0x0000000716600000, 0x0000000716800000| Untracked 
| 180|0x0000000716800000, 0x0000000716a00000, 0x0000000716a00000|100%| O|  |TAMS 0x0000000716800000, 0x0000000716a00000| Untracked 
| 181|0x0000000716a00000, 0x0000000716a00000, 0x0000000716c00000|  0%| F|  |TAMS 0x0000000716a00000, 0x0000000716a00000| Untracked 
| 182|0x0000000716c00000, 0x0000000716c00000, 0x0000000716e00000|  0%| F|  |TAMS 0x0000000716c00000, 0x0000000716c00000| Untracked 
| 183|0x0000000716e00000, 0x0000000716e00000, 0x0000000717000000|  0%| F|  |TAMS 0x0000000716e00000, 0x0000000716e00000| Untracked 
| 184|0x0000000717000000, 0x0000000717000000, 0x0000000717200000|  0%| F|  |TAMS 0x0000000717000000, 0x0000000717000000| Untracked 
| 185|0x0000000717200000, 0x0000000717200000, 0x0000000717400000|  0%| F|  |TAMS 0x0000000717200000, 0x0000000717200000| Untracked 
| 186|0x0000000717400000, 0x0000000717400000, 0x0000000717600000|  0%| F|  |TAMS 0x0000000717400000, 0x0000000717400000| Untracked 
| 187|0x0000000717600000, 0x0000000717600000, 0x0000000717800000|  0%| F|  |TAMS 0x0000000717600000, 0x0000000717600000| Untracked 
| 188|0x0000000717800000, 0x0000000717800000, 0x0000000717a00000|  0%| F|  |TAMS 0x0000000717800000, 0x0000000717800000| Untracked 
| 189|0x0000000717a00000, 0x0000000717a00000, 0x0000000717c00000|  0%| F|  |TAMS 0x0000000717a00000, 0x0000000717a00000| Untracked 
| 190|0x0000000717c00000, 0x0000000717c00000, 0x0000000717e00000|  0%| F|  |TAMS 0x0000000717c00000, 0x0000000717c00000| Untracked 
| 191|0x0000000717e00000, 0x0000000717e00000, 0x0000000718000000|  0%| F|  |TAMS 0x0000000717e00000, 0x0000000717e00000| Untracked 
| 192|0x0000000718000000, 0x0000000718000000, 0x0000000718200000|  0%| F|  |TAMS 0x0000000718000000, 0x0000000718000000| Untracked 
| 193|0x0000000718200000, 0x0000000718200000, 0x0000000718400000|  0%| F|  |TAMS 0x0000000718200000, 0x0000000718200000| Untracked 
| 194|0x0000000718400000, 0x0000000718400000, 0x0000000718600000|  0%| F|  |TAMS 0x0000000718400000, 0x0000000718400000| Untracked 
| 195|0x0000000718600000, 0x0000000718600000, 0x0000000718800000|  0%| F|  |TAMS 0x0000000718600000, 0x0000000718600000| Untracked 
| 196|0x0000000718800000, 0x0000000718800000, 0x0000000718a00000|  0%| F|  |TAMS 0x0000000718800000, 0x0000000718800000| Untracked 
| 197|0x0000000718a00000, 0x0000000718a00000, 0x0000000718c00000|  0%| F|  |TAMS 0x0000000718a00000, 0x0000000718a00000| Untracked 
| 198|0x0000000718c00000, 0x0000000718c00000, 0x0000000718e00000|  0%| F|  |TAMS 0x0000000718c00000, 0x0000000718c00000| Untracked 
| 199|0x0000000718e00000, 0x0000000718e00000, 0x0000000719000000|  0%| F|  |TAMS 0x0000000718e00000, 0x0000000718e00000| Untracked 
| 200|0x0000000719000000, 0x0000000719000000, 0x0000000719200000|  0%| F|  |TAMS 0x0000000719000000, 0x0000000719000000| Untracked 
| 201|0x0000000719200000, 0x0000000719200000, 0x0000000719400000|  0%| F|  |TAMS 0x0000000719200000, 0x0000000719200000| Untracked 
| 202|0x0000000719400000, 0x0000000719400000, 0x0000000719600000|  0%| F|  |TAMS 0x0000000719400000, 0x0000000719400000| Untracked 
| 203|0x0000000719600000, 0x0000000719600000, 0x0000000719800000|  0%| F|  |TAMS 0x0000000719600000, 0x0000000719600000| Untracked 
| 204|0x0000000719800000, 0x0000000719800000, 0x0000000719a00000|  0%| F|  |TAMS 0x0000000719800000, 0x0000000719800000| Untracked 
| 205|0x0000000719a00000, 0x0000000719a00000, 0x0000000719c00000|  0%| F|  |TAMS 0x0000000719a00000, 0x0000000719a00000| Untracked 
| 206|0x0000000719c00000, 0x0000000719c00000, 0x0000000719e00000|  0%| F|  |TAMS 0x0000000719c00000, 0x0000000719c00000| Untracked 
| 207|0x0000000719e00000, 0x0000000719e00000, 0x000000071a000000|  0%| F|  |TAMS 0x0000000719e00000, 0x0000000719e00000| Untracked 
| 208|0x000000071a000000, 0x000000071a000000, 0x000000071a200000|  0%| F|  |TAMS 0x000000071a000000, 0x000000071a000000| Untracked 
| 209|0x000000071a200000, 0x000000071a200000, 0x000000071a400000|  0%| F|  |TAMS 0x000000071a200000, 0x000000071a200000| Untracked 
| 210|0x000000071a400000, 0x000000071a400000, 0x000000071a600000|  0%| F|  |TAMS 0x000000071a400000, 0x000000071a400000| Untracked 
| 211|0x000000071a600000, 0x000000071a600000, 0x000000071a800000|  0%| F|  |TAMS 0x000000071a600000, 0x000000071a600000| Untracked 
| 212|0x000000071a800000, 0x000000071a800000, 0x000000071aa00000|  0%| F|  |TAMS 0x000000071a800000, 0x000000071a800000| Untracked 
| 213|0x000000071aa00000, 0x000000071aa00000, 0x000000071ac00000|  0%| F|  |TAMS 0x000000071aa00000, 0x000000071aa00000| Untracked 
| 214|0x000000071ac00000, 0x000000071ac00000, 0x000000071ae00000|  0%| F|  |TAMS 0x000000071ac00000, 0x000000071ac00000| Untracked 
| 215|0x000000071ae00000, 0x000000071ae00000, 0x000000071b000000|  0%| F|  |TAMS 0x000000071ae00000, 0x000000071ae00000| Untracked 
| 216|0x000000071b000000, 0x000000071b000000, 0x000000071b200000|  0%| F|  |TAMS 0x000000071b000000, 0x000000071b000000| Untracked 
| 217|0x000000071b200000, 0x000000071b200000, 0x000000071b400000|  0%| F|  |TAMS 0x000000071b200000, 0x000000071b200000| Untracked 
| 218|0x000000071b400000, 0x000000071b400000, 0x000000071b600000|  0%| F|  |TAMS 0x000000071b400000, 0x000000071b400000| Untracked 
| 219|0x000000071b600000, 0x000000071b600000, 0x000000071b800000|  0%| F|  |TAMS 0x000000071b600000, 0x000000071b600000| Untracked 
| 220|0x000000071b800000, 0x000000071b800000, 0x000000071ba00000|  0%| F|  |TAMS 0x000000071b800000, 0x000000071b800000| Untracked 
| 221|0x000000071ba00000, 0x000000071ba00000, 0x000000071bc00000|  0%| F|  |TAMS 0x000000071ba00000, 0x000000071ba00000| Untracked 
| 222|0x000000071bc00000, 0x000000071bc00000, 0x000000071be00000|  0%| F|  |TAMS 0x000000071bc00000, 0x000000071bc00000| Untracked 
| 223|0x000000071be00000, 0x000000071be00000, 0x000000071c000000|  0%| F|  |TAMS 0x000000071be00000, 0x000000071be00000| Untracked 
| 224|0x000000071c000000, 0x000000071c000000, 0x000000071c200000|  0%| F|  |TAMS 0x000000071c000000, 0x000000071c000000| Untracked 
| 225|0x000000071c200000, 0x000000071c200000, 0x000000071c400000|  0%| F|  |TAMS 0x000000071c200000, 0x000000071c200000| Untracked 
| 226|0x000000071c400000, 0x000000071c400000, 0x000000071c600000|  0%| F|  |TAMS 0x000000071c400000, 0x000000071c400000| Untracked 
| 227|0x000000071c600000, 0x000000071c600000, 0x000000071c800000|  0%| F|  |TAMS 0x000000071c600000, 0x000000071c600000| Untracked 
| 228|0x000000071c800000, 0x000000071c800000, 0x000000071ca00000|  0%| F|  |TAMS 0x000000071c800000, 0x000000071c800000| Untracked 
| 229|0x000000071ca00000, 0x000000071ca00000, 0x000000071cc00000|  0%| F|  |TAMS 0x000000071ca00000, 0x000000071ca00000| Untracked 
| 230|0x000000071cc00000, 0x000000071cc00000, 0x000000071ce00000|  0%| F|  |TAMS 0x000000071cc00000, 0x000000071cc00000| Untracked 
| 231|0x000000071ce00000, 0x000000071ce00000, 0x000000071d000000|  0%| F|  |TAMS 0x000000071ce00000, 0x000000071ce00000| Untracked 
| 232|0x000000071d000000, 0x000000071d000000, 0x000000071d200000|  0%| F|  |TAMS 0x000000071d000000, 0x000000071d000000| Untracked 
| 233|0x000000071d200000, 0x000000071d200000, 0x000000071d400000|  0%| F|  |TAMS 0x000000071d200000, 0x000000071d200000| Untracked 
| 234|0x000000071d400000, 0x000000071d400000, 0x000000071d600000|  0%| F|  |TAMS 0x000000071d400000, 0x000000071d400000| Untracked 
| 235|0x000000071d600000, 0x000000071d600000, 0x000000071d800000|  0%| F|  |TAMS 0x000000071d600000, 0x000000071d600000| Untracked 
| 236|0x000000071d800000, 0x000000071d800000, 0x000000071da00000|  0%| F|  |TAMS 0x000000071d800000, 0x000000071d800000| Untracked 
| 237|0x000000071da00000, 0x000000071da00000, 0x000000071dc00000|  0%| F|  |TAMS 0x000000071da00000, 0x000000071da00000| Untracked 
| 238|0x000000071dc00000, 0x000000071dc00000, 0x000000071de00000|  0%| F|  |TAMS 0x000000071dc00000, 0x000000071dc00000| Untracked 
| 239|0x000000071de00000, 0x000000071de00000, 0x000000071e000000|  0%| F|  |TAMS 0x000000071de00000, 0x000000071de00000| Untracked 
| 240|0x000000071e000000, 0x000000071e000000, 0x000000071e200000|  0%| F|  |TAMS 0x000000071e000000, 0x000000071e000000| Untracked 
| 241|0x000000071e200000, 0x000000071e200000, 0x000000071e400000|  0%| F|  |TAMS 0x000000071e200000, 0x000000071e200000| Untracked 
| 242|0x000000071e400000, 0x000000071e400000, 0x000000071e600000|  0%| F|  |TAMS 0x000000071e400000, 0x000000071e400000| Untracked 
| 243|0x000000071e600000, 0x000000071e600000, 0x000000071e800000|  0%| F|  |TAMS 0x000000071e600000, 0x000000071e600000| Untracked 
| 244|0x000000071e800000, 0x000000071e800000, 0x000000071ea00000|  0%| F|  |TAMS 0x000000071e800000, 0x000000071e800000| Untracked 
| 245|0x000000071ea00000, 0x000000071ea00000, 0x000000071ec00000|  0%| F|  |TAMS 0x000000071ea00000, 0x000000071ea00000| Untracked 
| 246|0x000000071ec00000, 0x000000071ec00000, 0x000000071ee00000|  0%| F|  |TAMS 0x000000071ec00000, 0x000000071ec00000| Untracked 
| 247|0x000000071ee00000, 0x000000071ee00000, 0x000000071f000000|  0%| F|  |TAMS 0x000000071ee00000, 0x000000071ee00000| Untracked 
| 248|0x000000071f000000, 0x000000071f000000, 0x000000071f200000|  0%| F|  |TAMS 0x000000071f000000, 0x000000071f000000| Untracked 
| 249|0x000000071f200000, 0x000000071f200000, 0x000000071f400000|  0%| F|  |TAMS 0x000000071f200000, 0x000000071f200000| Untracked 
| 250|0x000000071f400000, 0x000000071f400000, 0x000000071f600000|  0%| F|  |TAMS 0x000000071f400000, 0x000000071f400000| Untracked 
| 251|0x000000071f600000, 0x000000071f600000, 0x000000071f800000|  0%| F|  |TAMS 0x000000071f600000, 0x000000071f600000| Untracked 
| 252|0x000000071f800000, 0x000000071f800000, 0x000000071fa00000|  0%| F|  |TAMS 0x000000071f800000, 0x000000071f800000| Untracked 
| 253|0x000000071fa00000, 0x000000071fa00000, 0x000000071fc00000|  0%| F|  |TAMS 0x000000071fa00000, 0x000000071fa00000| Untracked 
| 254|0x000000071fc00000, 0x000000071fc00000, 0x000000071fe00000|  0%| F|  |TAMS 0x000000071fc00000, 0x000000071fc00000| Untracked 
| 255|0x000000071fe00000, 0x000000071fe00000, 0x0000000720000000|  0%| F|  |TAMS 0x000000071fe00000, 0x000000071fe00000| Untracked 
| 256|0x0000000720000000, 0x0000000720000000, 0x0000000720200000|  0%| F|  |TAMS 0x0000000720000000, 0x0000000720000000| Untracked 
| 257|0x0000000720200000, 0x0000000720200000, 0x0000000720400000|  0%| F|  |TAMS 0x0000000720200000, 0x0000000720200000| Untracked 
| 258|0x0000000720400000, 0x0000000720400000, 0x0000000720600000|  0%| F|  |TAMS 0x0000000720400000, 0x0000000720400000| Untracked 
| 259|0x0000000720600000, 0x0000000720600000, 0x0000000720800000|  0%| F|  |TAMS 0x0000000720600000, 0x0000000720600000| Untracked 
| 260|0x0000000720800000, 0x0000000720800000, 0x0000000720a00000|  0%| F|  |TAMS 0x0000000720800000, 0x0000000720800000| Untracked 
| 261|0x0000000720a00000, 0x0000000720a00000, 0x0000000720c00000|  0%| F|  |TAMS 0x0000000720a00000, 0x0000000720a00000| Untracked 
| 262|0x0000000720c00000, 0x0000000720c00000, 0x0000000720e00000|  0%| F|  |TAMS 0x0000000720c00000, 0x0000000720c00000| Untracked 
| 263|0x0000000720e00000, 0x0000000720e00000, 0x0000000721000000|  0%| F|  |TAMS 0x0000000720e00000, 0x0000000720e00000| Untracked 
| 264|0x0000000721000000, 0x0000000721000000, 0x0000000721200000|  0%| F|  |TAMS 0x0000000721000000, 0x0000000721000000| Untracked 
| 265|0x0000000721200000, 0x0000000721200000, 0x0000000721400000|  0%| F|  |TAMS 0x0000000721200000, 0x0000000721200000| Untracked 
| 266|0x0000000721400000, 0x0000000721400000, 0x0000000721600000|  0%| F|  |TAMS 0x0000000721400000, 0x0000000721400000| Untracked 
| 267|0x0000000721600000, 0x0000000721600000, 0x0000000721800000|  0%| F|  |TAMS 0x0000000721600000, 0x0000000721600000| Untracked 
| 268|0x0000000721800000, 0x0000000721800000, 0x0000000721a00000|  0%| F|  |TAMS 0x0000000721800000, 0x0000000721800000| Untracked 
| 269|0x0000000721a00000, 0x0000000721a00000, 0x0000000721c00000|  0%| F|  |TAMS 0x0000000721a00000, 0x0000000721a00000| Untracked 
| 270|0x0000000721c00000, 0x0000000721c00000, 0x0000000721e00000|  0%| F|  |TAMS 0x0000000721c00000, 0x0000000721c00000| Untracked 
| 271|0x0000000721e00000, 0x0000000721e00000, 0x0000000722000000|  0%| F|  |TAMS 0x0000000721e00000, 0x0000000721e00000| Untracked 
| 272|0x0000000722000000, 0x0000000722000000, 0x0000000722200000|  0%| F|  |TAMS 0x0000000722000000, 0x0000000722000000| Untracked 
| 273|0x0000000722200000, 0x0000000722200000, 0x0000000722400000|  0%| F|  |TAMS 0x0000000722200000, 0x0000000722200000| Untracked 
| 274|0x0000000722400000, 0x0000000722400000, 0x0000000722600000|  0%| F|  |TAMS 0x0000000722400000, 0x0000000722400000| Untracked 
| 275|0x0000000722600000, 0x0000000722600000, 0x0000000722800000|  0%| F|  |TAMS 0x0000000722600000, 0x0000000722600000| Untracked 
| 276|0x0000000722800000, 0x0000000722800000, 0x0000000722a00000|  0%| F|  |TAMS 0x0000000722800000, 0x0000000722800000| Untracked 
| 277|0x0000000722a00000, 0x0000000722a00000, 0x0000000722c00000|  0%| F|  |TAMS 0x0000000722a00000, 0x0000000722a00000| Untracked 
| 278|0x0000000722c00000, 0x0000000722c00000, 0x0000000722e00000|  0%| F|  |TAMS 0x0000000722c00000, 0x0000000722c00000| Untracked 
| 279|0x0000000722e00000, 0x0000000722e00000, 0x0000000723000000|  0%| F|  |TAMS 0x0000000722e00000, 0x0000000722e00000| Untracked 
| 280|0x0000000723000000, 0x0000000723000000, 0x0000000723200000|  0%| F|  |TAMS 0x0000000723000000, 0x0000000723000000| Untracked 
| 281|0x0000000723200000, 0x0000000723200000, 0x0000000723400000|  0%| F|  |TAMS 0x0000000723200000, 0x0000000723200000| Untracked 
| 282|0x0000000723400000, 0x0000000723400000, 0x0000000723600000|  0%| F|  |TAMS 0x0000000723400000, 0x0000000723400000| Untracked 
| 283|0x0000000723600000, 0x0000000723600000, 0x0000000723800000|  0%| F|  |TAMS 0x0000000723600000, 0x0000000723600000| Untracked 
| 284|0x0000000723800000, 0x0000000723800000, 0x0000000723a00000|  0%| F|  |TAMS 0x0000000723800000, 0x0000000723800000| Untracked 
| 285|0x0000000723a00000, 0x0000000723a00000, 0x0000000723c00000|  0%| F|  |TAMS 0x0000000723a00000, 0x0000000723a00000| Untracked 
| 286|0x0000000723c00000, 0x0000000723c00000, 0x0000000723e00000|  0%| F|  |TAMS 0x0000000723c00000, 0x0000000723c00000| Untracked 
| 287|0x0000000723e00000, 0x0000000723e00000, 0x0000000724000000|  0%| F|  |TAMS 0x0000000723e00000, 0x0000000723e00000| Untracked 
| 288|0x0000000724000000, 0x0000000724000000, 0x0000000724200000|  0%| F|  |TAMS 0x0000000724000000, 0x0000000724000000| Untracked 
| 289|0x0000000724200000, 0x0000000724200000, 0x0000000724400000|  0%| F|  |TAMS 0x0000000724200000, 0x0000000724200000| Untracked 
| 290|0x0000000724400000, 0x0000000724400000, 0x0000000724600000|  0%| F|  |TAMS 0x0000000724400000, 0x0000000724400000| Untracked 
| 291|0x0000000724600000, 0x0000000724600000, 0x0000000724800000|  0%| F|  |TAMS 0x0000000724600000, 0x0000000724600000| Untracked 
| 292|0x0000000724800000, 0x0000000724800000, 0x0000000724a00000|  0%| F|  |TAMS 0x0000000724800000, 0x0000000724800000| Untracked 
| 293|0x0000000724a00000, 0x0000000724a00000, 0x0000000724c00000|  0%| F|  |TAMS 0x0000000724a00000, 0x0000000724a00000| Untracked 
| 294|0x0000000724c00000, 0x0000000724c00000, 0x0000000724e00000|  0%| F|  |TAMS 0x0000000724c00000, 0x0000000724c00000| Untracked 
| 295|0x0000000724e00000, 0x0000000724e00000, 0x0000000725000000|  0%| F|  |TAMS 0x0000000724e00000, 0x0000000724e00000| Untracked 
| 296|0x0000000725000000, 0x0000000725200000, 0x0000000725200000|100%| S|CS|TAMS 0x0000000725000000, 0x0000000725000000| Complete 
| 297|0x0000000725200000, 0x0000000725400000, 0x0000000725400000|100%| S|CS|TAMS 0x0000000725200000, 0x0000000725200000| Complete 
| 298|0x0000000725400000, 0x0000000725400000, 0x0000000725600000|  0%| F|  |TAMS 0x0000000725400000, 0x0000000725400000| Untracked 
| 299|0x0000000725600000, 0x0000000725600000, 0x0000000725800000|  0%| F|  |TAMS 0x0000000725600000, 0x0000000725600000| Untracked 
| 300|0x0000000725800000, 0x0000000725800000, 0x0000000725a00000|  0%| F|  |TAMS 0x0000000725800000, 0x0000000725800000| Untracked 
| 301|0x0000000725a00000, 0x0000000725a00000, 0x0000000725c00000|  0%| F|  |TAMS 0x0000000725a00000, 0x0000000725a00000| Untracked 
| 302|0x0000000725c00000, 0x0000000725c00000, 0x0000000725e00000|  0%| F|  |TAMS 0x0000000725c00000, 0x0000000725c00000| Untracked 
| 303|0x0000000725e00000, 0x0000000725e00000, 0x0000000726000000|  0%| F|  |TAMS 0x0000000725e00000, 0x0000000725e00000| Untracked 
| 304|0x0000000726000000, 0x0000000726000000, 0x0000000726200000|  0%| F|  |TAMS 0x0000000726000000, 0x0000000726000000| Untracked 
| 305|0x0000000726200000, 0x0000000726200000, 0x0000000726400000|  0%| F|  |TAMS 0x0000000726200000, 0x0000000726200000| Untracked 
| 306|0x0000000726400000, 0x0000000726400000, 0x0000000726600000|  0%| F|  |TAMS 0x0000000726400000, 0x0000000726400000| Untracked 
| 307|0x0000000726600000, 0x0000000726600000, 0x0000000726800000|  0%| F|  |TAMS 0x0000000726600000, 0x0000000726600000| Untracked 
| 308|0x0000000726800000, 0x0000000726800000, 0x0000000726a00000|  0%| F|  |TAMS 0x0000000726800000, 0x0000000726800000| Untracked 
| 309|0x0000000726a00000, 0x0000000726a00000, 0x0000000726c00000|  0%| F|  |TAMS 0x0000000726a00000, 0x0000000726a00000| Untracked 
| 310|0x0000000726c00000, 0x0000000726c00000, 0x0000000726e00000|  0%| F|  |TAMS 0x0000000726c00000, 0x0000000726c00000| Untracked 
| 311|0x0000000726e00000, 0x0000000726e00000, 0x0000000727000000|  0%| F|  |TAMS 0x0000000726e00000, 0x0000000726e00000| Untracked 
| 312|0x0000000727000000, 0x0000000727000000, 0x0000000727200000|  0%| F|  |TAMS 0x0000000727000000, 0x0000000727000000| Untracked 

Card table byte_map: [0x000001be43960000,0x000001be44160000] _byte_map_base: 0x000001be40160000

Marking Bits (Prev, Next): (CMBitMap*) 0x000001be2c931cf0, (CMBitMap*) 0x000001be2c931cb0
 Prev Bits: [0x000001be48960000, 0x000001be4c960000)
 Next Bits: [0x000001be44960000, 0x000001be48960000)

Polling page: 0x000001be2a880000

Metaspace:

Usage:
  Non-class:     94.50 MB used.
      Class:     14.87 MB used.
       Both:    109.37 MB used.

Virtual space:
  Non-class space:      128.00 MB reserved,      95.00 MB ( 74%) committed,  2 nodes.
      Class space:      416.00 MB reserved,      15.31 MB (  4%) committed,  1 nodes.
             Both:      544.00 MB reserved,     110.31 MB ( 20%) committed. 

Chunk freelists:
   Non-Class:  624.00 KB
       Class:  528.00 KB
        Both:  1.12 MB

MaxMetaspaceSize: 512.00 MB
CompressedClassSpaceSize: 416.00 MB
Initial GC threshold: 21.00 MB
Current GC threshold: 179.62 MB
CDS: on
MetaspaceReclaimPolicy: balanced
 - commit_granule_bytes: 65536.
 - commit_granule_words: 8192.
 - virtual_space_node_default_size: 8388608.
 - enlarge_chunks_in_place: 1.
 - new_chunks_are_fully_committed: 0.
 - uncommit_free_chunks: 1.
 - use_allocation_guard: 0.
 - handle_deallocations: 1.


Internal statistics:

num_allocs_failed_limit: 6.
num_arena_births: 1434.
num_arena_deaths: 0.
num_vsnodes_births: 3.
num_vsnodes_deaths: 0.
num_space_committed: 1763.
num_space_uncommitted: 0.
num_chunks_returned_to_freelist: 6.
num_chunks_taken_from_freelist: 6171.
num_chunk_merges: 6.
num_chunk_splits: 4079.
num_chunks_enlarged: 2734.
num_inconsistent_stats: 0.

CodeHeap 'non-profiled nmethods': size=120000Kb used=10666Kb max_used=10832Kb free=109333Kb
 bounds [0x000001be3bc30000, 0x000001be3c6e0000, 0x000001be43160000]
CodeHeap 'profiled nmethods': size=120000Kb used=27749Kb max_used=28323Kb free=92250Kb
 bounds [0x000001be34160000, 0x000001be35d50000, 0x000001be3b690000]
CodeHeap 'non-nmethods': size=5760Kb used=1753Kb max_used=1797Kb free=4006Kb
 bounds [0x000001be3b690000, 0x000001be3b900000, 0x000001be3bc30000]
 total_blobs=15256 nmethods=14407 adapters=761
 compilation: enabled
              stopped_count=0, restarted_count=0
 full_count=0

Compilation events (20 events):
Event: 174.005 Thread 0x000001be4ed664c0 17851       3       com.android.tools.r8.dex.code.e1::<init> (7 bytes)
Event: 174.006 Thread 0x000001be4ed664c0 nmethod 17851 0x000001be34e75410 code [0x000001be34e755c0, 0x000001be34e75878]
Event: 174.006 Thread 0x000001be4ed664c0 17852       3       com.android.tools.r8.dex.code.E0::<init> (12 bytes)
Event: 174.007 Thread 0x000001be4ed664c0 nmethod 17852 0x000001be3448f810 code [0x000001be3448f9c0, 0x000001be3448fc18]
Event: 174.007 Thread 0x000001be4ed664c0 17856       3       com.android.tools.r8.dex.code.e0::<init> (13 bytes)
Event: 174.007 Thread 0x000001be4ed664c0 nmethod 17856 0x000001be34e74f90 code [0x000001be34e75140, 0x000001be34e75308]
Event: 174.007 Thread 0x000001be4ed664c0 17857       3       com.android.tools.r8.graph.w5::f (29 bytes)
Event: 174.007 Thread 0x000001be4ed664c0 nmethod 17857 0x000001be3455c790 code [0x000001be3455c920, 0x000001be3455ca38]
Event: 174.007 Thread 0x000001be4ed664c0 17855       3       com.android.tools.r8.dex.code.t2::<init> (7 bytes)
Event: 174.008 Thread 0x000001be4ed664c0 nmethod 17855 0x000001be3455c410 code [0x000001be3455c5a0, 0x000001be3455c6e8]
Event: 174.008 Thread 0x000001be4ed664c0 17858       3       com.android.tools.r8.dex.code.s2::<init> (7 bytes)
Event: 174.008 Thread 0x000001be4ed664c0 nmethod 17858 0x000001be3455c090 code [0x000001be3455c220, 0x000001be3455c368]
Event: 174.008 Thread 0x000001be4ed664c0 17850       3       com.android.tools.r8.graph.D2::o (6 bytes)
Event: 174.009 Thread 0x000001be4ed664c0 nmethod 17850 0x000001be3455bb10 code [0x000001be3455bcc0, 0x000001be3455bf58]
Event: 174.009 Thread 0x000001be4ed664c0 17849       3       java.lang.Boolean::compare (19 bytes)
Event: 174.009 Thread 0x000001be4ed664c0 nmethod 17849 0x000001be3455b710 code [0x000001be3455b8c0, 0x000001be3455ba98]
Event: 174.009 Thread 0x000001be4ed664c0 17859       1       com.android.tools.r8.graph.N2::Z0 (2 bytes)
Event: 174.009 Thread 0x000001be4ed664c0 nmethod 17859 0x000001be3c1fac10 code [0x000001be3c1fada0, 0x000001be3c1fae78]
Event: 174.017 Thread 0x000001be4ed664c0 17860       3       com.android.tools.r8.graph.p0::c (164 bytes)
Event: 174.020 Thread 0x000001be4ed664c0 nmethod 17860 0x000001be34244210 code [0x000001be34244480, 0x000001be342451e8]

GC Heap History (20 events):
Event: 132.920 GC heap after
{Heap after GC invocations=56 (full 0):
 garbage-first heap   total 253952K, used 169963K [0x0000000700000000, 0x0000000800000000)
  region size 2048K, 2 young (4096K), 2 survivors (4096K)
 Metaspace       used 100263K, committed 101056K, reserved 557056K
  class space    used 13547K, committed 13952K, reserved 425984K
}
Event: 135.459 GC heap before
{Heap before GC invocations=57 (full 0):
 garbage-first heap   total 280576K, used 198635K [0x0000000700000000, 0x0000000800000000)
  region size 2048K, 21 young (43008K), 2 survivors (4096K)
 Metaspace       used 100560K, committed 101376K, reserved 557056K
  class space    used 13575K, committed 14016K, reserved 425984K
}
Event: 135.479 GC heap after
{Heap after GC invocations=58 (full 0):
 garbage-first heap   total 280576K, used 162514K [0x0000000700000000, 0x0000000800000000)
  region size 2048K, 3 young (6144K), 3 survivors (6144K)
 Metaspace       used 100560K, committed 101376K, reserved 557056K
  class space    used 13575K, committed 14016K, reserved 425984K
}
Event: 135.790 GC heap before
{Heap before GC invocations=58 (full 0):
 garbage-first heap   total 280576K, used 168658K [0x0000000700000000, 0x0000000800000000)
  region size 2048K, 6 young (12288K), 3 survivors (6144K)
 Metaspace       used 100585K, committed 101440K, reserved 557056K
  class space    used 13580K, committed 14016K, reserved 425984K
}
Event: 135.832 GC heap after
{Heap after GC invocations=59 (full 0):
 garbage-first heap   total 641024K, used 137371K [0x0000000700000000, 0x0000000800000000)
  region size 2048K, 1 young (2048K), 1 survivors (2048K)
 Metaspace       used 100585K, committed 101440K, reserved 557056K
  class space    used 13580K, committed 14016K, reserved 425984K
}
Event: 142.659 GC heap before
{Heap before GC invocations=59 (full 0):
 garbage-first heap   total 641024K, used 163995K [0x0000000700000000, 0x0000000800000000)
  region size 2048K, 15 young (30720K), 1 survivors (2048K)
 Metaspace       used 101701K, committed 102592K, reserved 557056K
  class space    used 13696K, committed 14144K, reserved 425984K
}
Event: 142.693 GC heap after
{Heap after GC invocations=60 (full 0):
 garbage-first heap   total 641024K, used 137216K [0x0000000700000000, 0x0000000800000000)
  region size 2048K, 2 young (4096K), 2 survivors (4096K)
 Metaspace       used 101701K, committed 102592K, reserved 557056K
  class space    used 13696K, committed 14144K, reserved 425984K
}
Event: 160.527 GC heap before
{Heap before GC invocations=60 (full 0):
 garbage-first heap   total 641024K, used 407552K [0x0000000700000000, 0x0000000800000000)
  region size 2048K, 135 young (276480K), 2 survivors (4096K)
 Metaspace       used 104770K, committed 105728K, reserved 557056K
  class space    used 14048K, committed 14528K, reserved 425984K
}
Event: 160.588 GC heap after
{Heap after GC invocations=61 (full 0):
 garbage-first heap   total 641024K, used 147813K [0x0000000700000000, 0x0000000800000000)
  region size 2048K, 8 young (16384K), 8 survivors (16384K)
 Metaspace       used 104770K, committed 105728K, reserved 557056K
  class space    used 14048K, committed 14528K, reserved 425984K
}
Event: 165.238 GC heap before
{Heap before GC invocations=61 (full 0):
 garbage-first heap   total 641024K, used 334181K [0x0000000700000000, 0x0000000800000000)
  region size 2048K, 62 young (126976K), 8 survivors (16384K)
 Metaspace       used 109271K, committed 110208K, reserved 557056K
  class space    used 14664K, committed 15168K, reserved 425984K
}
Event: 165.286 GC heap after
{Heap after GC invocations=62 (full 0):
 garbage-first heap   total 641024K, used 238257K [0x0000000700000000, 0x0000000800000000)
  region size 2048K, 18 young (36864K), 18 survivors (36864K)
 Metaspace       used 109271K, committed 110208K, reserved 557056K
  class space    used 14664K, committed 15168K, reserved 425984K
}
Event: 165.364 GC heap before
{Heap before GC invocations=62 (full 0):
 garbage-first heap   total 641024K, used 311985K [0x0000000700000000, 0x0000000800000000)
  region size 2048K, 21 young (43008K), 18 survivors (36864K)
 Metaspace       used 109271K, committed 110208K, reserved 557056K
  class space    used 14664K, committed 15168K, reserved 425984K
}
Event: 165.426 GC heap after
{Heap after GC invocations=63 (full 0):
 garbage-first heap   total 641024K, used 272121K [0x0000000700000000, 0x0000000800000000)
  region size 2048K, 3 young (6144K), 3 survivors (6144K)
 Metaspace       used 109271K, committed 110208K, reserved 557056K
  class space    used 14664K, committed 15168K, reserved 425984K
}
Event: 165.450 GC heap before
{Heap before GC invocations=63 (full 0):
 garbage-first heap   total 641024K, used 276217K [0x0000000700000000, 0x0000000800000000)
  region size 2048K, 4 young (8192K), 3 survivors (6144K)
 Metaspace       used 109271K, committed 110208K, reserved 557056K
  class space    used 14664K, committed 15168K, reserved 425984K
}
Event: 165.455 GC heap after
{Heap after GC invocations=64 (full 0):
 garbage-first heap   total 641024K, used 274329K [0x0000000700000000, 0x0000000800000000)
  region size 2048K, 2 young (4096K), 2 survivors (4096K)
 Metaspace       used 109271K, committed 110208K, reserved 557056K
  class space    used 14664K, committed 15168K, reserved 425984K
}
Event: 171.077 GC heap before
{Heap before GC invocations=65 (full 0):
 garbage-first heap   total 641024K, used 526233K [0x0000000700000000, 0x0000000800000000)
  region size 2048K, 100 young (204800K), 2 survivors (4096K)
 Metaspace       used 109501K, committed 110464K, reserved 557056K
  class space    used 14706K, committed 15168K, reserved 425984K
}
Event: 171.353 GC heap after
{Heap after GC invocations=66 (full 0):
 garbage-first heap   total 641024K, used 366286K [0x0000000700000000, 0x0000000800000000)
  region size 2048K, 13 young (26624K), 13 survivors (26624K)
 Metaspace       used 109501K, committed 110464K, reserved 557056K
  class space    used 14706K, committed 15168K, reserved 425984K
}
Event: 171.452 GC heap before
{Heap before GC invocations=66 (full 0):
 garbage-first heap   total 641024K, used 370382K [0x0000000700000000, 0x0000000800000000)
  region size 2048K, 15 young (30720K), 13 survivors (26624K)
 Metaspace       used 109501K, committed 110464K, reserved 557056K
  class space    used 14706K, committed 15168K, reserved 425984K
}
Event: 171.545 GC heap after
{Heap after GC invocations=67 (full 0):
 garbage-first heap   total 641024K, used 363955K [0x0000000700000000, 0x0000000800000000)
  region size 2048K, 2 young (4096K), 2 survivors (4096K)
 Metaspace       used 109501K, committed 110464K, reserved 557056K
  class space    used 14706K, committed 15168K, reserved 425984K
}
Event: 174.061 GC heap before
{Heap before GC invocations=67 (full 0):
 garbage-first heap   total 641024K, used 390579K [0x0000000700000000, 0x0000000800000000)
  region size 2048K, 15 young (30720K), 2 survivors (4096K)
 Metaspace       used 111995K, committed 112960K, reserved 557056K
  class space    used 15223K, committed 15680K, reserved 425984K
}

Deoptimization events (20 events):
Event: 171.691 Thread 0x000001be71987580 DEOPT PACKING pc=0x000001be3c3edd80 sp=0x00000029e06fdb50
Event: 171.691 Thread 0x000001be71987580 DEOPT UNPACKING pc=0x000001be3b6e239d sp=0x00000029e06fda60 mode 2
Event: 171.857 Thread 0x000001be71987fa0 Uncommon trap: trap_request=0xffffff45 fr.pc=0x000001be3bf05000 relative=0x0000000000000240
Event: 171.857 Thread 0x000001be71987fa0 Uncommon trap: reason=unstable_if action=reinterpret pc=0x000001be3bf05000 method=java.lang.ThreadLocal.get()Ljava/lang/Object; @ 11 c2
Event: 171.857 Thread 0x000001be71987fa0 DEOPT PACKING pc=0x000001be3bf05000 sp=0x00000029e39fdd90
Event: 171.857 Thread 0x000001be71987fa0 DEOPT UNPACKING pc=0x000001be3b6e239d sp=0x00000029e39fdd28 mode 2
Event: 172.514 Thread 0x000001be71987580 Uncommon trap: trap_request=0xffffff45 fr.pc=0x000001be3c0a6d08 relative=0x0000000000001ee8
Event: 172.514 Thread 0x000001be71987580 Uncommon trap: reason=unstable_if action=reinterpret pc=0x000001be3c0a6d08 method=java.util.zip.ZipFile$Source.getEntryPos(Ljava/lang/String;Z)I @ 113 c2
Event: 172.514 Thread 0x000001be71987580 DEOPT PACKING pc=0x000001be3c0a6d08 sp=0x00000029e06fa780
Event: 172.514 Thread 0x000001be71987580 DEOPT UNPACKING pc=0x000001be3b6e239d sp=0x00000029e06fa690 mode 2
Event: 172.572 Thread 0x000001be71987580 Uncommon trap: trap_request=0xffffff45 fr.pc=0x000001be3c1df0c0 relative=0x00000000000002e0
Event: 172.572 Thread 0x000001be71987580 Uncommon trap: reason=unstable_if action=reinterpret pc=0x000001be3c1df0c0 method=com.android.tools.r8.graph.v2.c(Ljava/lang/Object;)Z @ 37 c2
Event: 172.572 Thread 0x000001be71987580 DEOPT PACKING pc=0x000001be3c1df0c0 sp=0x00000029e06febd0
Event: 172.572 Thread 0x000001be71987580 DEOPT UNPACKING pc=0x000001be3b6e239d sp=0x00000029e06feb70 mode 2
Event: 172.794 Thread 0x000001be71987fa0 DEOPT PACKING pc=0x000001be3436c69a sp=0x00000029e39fe7f0
Event: 172.795 Thread 0x000001be71987fa0 DEOPT UNPACKING pc=0x000001be3b6e2b24 sp=0x00000029e39fdd08 mode 0
Event: 173.916 Thread 0x000001be7198cb90 Uncommon trap: trap_request=0xffffff45 fr.pc=0x000001be3c6cafc0 relative=0x0000000000005920
Event: 173.931 Thread 0x000001be7198cb90 Uncommon trap: reason=unstable_if action=reinterpret pc=0x000001be3c6cafc0 method=com.android.tools.r8.dex.code.O.a(IILcom/android/tools/r8/dex/code/C1;Lcom/android/tools/r8/graph/w5;)Lcom/android/tools/r8/dex/code/B1; @ 265 c2
Event: 173.933 Thread 0x000001be7198cb90 DEOPT PACKING pc=0x000001be3c6cafc0 sp=0x00000029e3afec70
Event: 173.933 Thread 0x000001be7198cb90 DEOPT UNPACKING pc=0x000001be3b6e239d sp=0x00000029e3afec20 mode 2

Classes unloaded (0 events):
No events

Classes redefined (0 events):
No events

Internal exceptions (20 events):
Event: 162.738 Thread 0x000001be6f337fd0 Exception <a 'sun/nio/fs/WindowsException'{0x00000007237260e8}> (0x00000007237260e8) 
thrown [s\open\src\hotspot\share\prims\jni.cpp, line 516]
Event: 162.738 Thread 0x000001be6f337fd0 Exception <a 'sun/nio/fs/WindowsException'{0x0000000723726178}> (0x0000000723726178) 
thrown [s\open\src\hotspot\share\prims\jni.cpp, line 516]
Event: 162.739 Thread 0x000001be6f337fd0 Exception <a 'sun/nio/fs/WindowsException'{0x00000007237265e0}> (0x00000007237265e0) 
thrown [s\open\src\hotspot\share\prims\jni.cpp, line 516]
Event: 162.739 Thread 0x000001be6f337fd0 Exception <a 'sun/nio/fs/WindowsException'{0x0000000723728430}> (0x0000000723728430) 
thrown [s\open\src\hotspot\share\prims\jni.cpp, line 516]
Event: 162.798 Thread 0x000001be6f337fd0 Exception <a 'sun/nio/fs/WindowsException'{0x00000007237636b0}> (0x00000007237636b0) 
thrown [s\open\src\hotspot\share\prims\jni.cpp, line 516]
Event: 162.798 Thread 0x000001be6f337fd0 Exception <a 'sun/nio/fs/WindowsException'{0x00000007237645b0}> (0x00000007237645b0) 
thrown [s\open\src\hotspot\share\prims\jni.cpp, line 516]
Event: 162.798 Thread 0x000001be6f337fd0 Exception <a 'sun/nio/fs/WindowsException'{0x0000000723764640}> (0x0000000723764640) 
thrown [s\open\src\hotspot\share\prims\jni.cpp, line 516]
Event: 162.799 Thread 0x000001be6f337fd0 Exception <a 'sun/nio/fs/WindowsException'{0x0000000723764b40}> (0x0000000723764b40) 
thrown [s\open\src\hotspot\share\prims\jni.cpp, line 516]
Event: 162.887 Thread 0x000001be6f337fd0 Exception <a 'sun/nio/fs/WindowsException'{0x00000007235ba850}> (0x00000007235ba850) 
thrown [s\open\src\hotspot\share\prims\jni.cpp, line 516]
Event: 162.887 Thread 0x000001be6f337fd0 Exception <a 'sun/nio/fs/WindowsException'{0x00000007235bad50}> (0x00000007235bad50) 
thrown [s\open\src\hotspot\share\prims\jni.cpp, line 516]
Event: 162.888 Thread 0x000001be6f337fd0 Exception <a 'sun/nio/fs/WindowsException'{0x00000007235bcb48}> (0x00000007235bcb48) 
thrown [s\open\src\hotspot\share\prims\jni.cpp, line 516]
Event: 163.604 Thread 0x000001be7198ad30 Exception <a 'sun/nio/fs/WindowsException'{0x00000007226366e0}> (0x00000007226366e0) 
thrown [s\open\src\hotspot\share\prims\jni.cpp, line 516]
Event: 165.158 Thread 0x000001be7198ad30 Exception <a 'java/lang/NoSuchMethodError'{0x00000007213eed88}: 'java.lang.Object java.lang.invoke.DirectMethodHandle$Holder.invokeStaticInit(java.lang.Object, java.lang.Object, java.lang.Object, java.lang.Object, java.lang.Object, java.lang.Object, java.lang.Object, java.lang.Object, java.lang.Object, java.lang.Object, java.lang.Object, java.lang.Object, java.lang.Object, java.lang.Object, java.lang.Object, java.lang.Object, java.lang.Object, java.lang.Object, java.lang.Object, java.lang.Object, int, java
Event: 171.675 Thread 0x000001be71988ed0 Implicit null exception at 0x000001be3c3ea15a to 0x000001be3c3eb7d0
Event: 171.690 Thread 0x000001be71987580 Implicit null exception at 0x000001be3c3ed2cd to 0x000001be3c3edd64
Event: 171.692 Thread 0x000001be71987580 Exception <a 'java/lang/IncompatibleClassChangeError'{0x00000007268baec8}: Found class java.lang.Object, but interface was expected> (0x00000007268baec8) 
thrown [s\open\src\hotspot\share\interpreter\linkResolver.cpp, line 826]
Event: 171.857 Thread 0x000001be71987fa0 Implicit null exception at 0x000001be3bf04e03 to 0x000001be3bf04fec
Event: 171.963 Thread 0x000001be71987580 Exception <a 'java/lang/NoSuchMethodError'{0x00000007267c9c78}: 'long java.lang.invoke.DirectMethodHandle$Holder.invokeStatic(java.lang.Object, java.lang.Object, java.lang.Object)'> (0x00000007267c9c78) 
thrown [s\open\src\hotspot\share\interpreter\linkResolver.cpp, line 759]
Event: 172.027 Thread 0x000001be71987580 Exception <a 'java/lang/IncompatibleClassChangeError'{0x0000000726593678}: Found class java.lang.Object, but interface was expected> (0x0000000726593678) 
thrown [s\open\src\hotspot\share\interpreter\linkResolver.cpp, line 826]
Event: 172.028 Thread 0x000001be71987580 Exception <a 'java/lang/IncompatibleClassChangeError'{0x0000000726597750}: Found class java.lang.Object, but interface was expected> (0x0000000726597750) 
thrown [s\open\src\hotspot\share\interpreter\linkResolver.cpp, line 826]

VM Operations (20 events):
Event: 165.428 Executing VM operation: G1TryInitiateConcMark done
Event: 165.449 Executing VM operation: G1TryInitiateConcMark
Event: 165.455 Executing VM operation: G1TryInitiateConcMark done
Event: 166.012 Executing VM operation: G1Concurrent
Event: 166.040 Executing VM operation: G1Concurrent done
Event: 166.309 Executing VM operation: G1Concurrent
Event: 166.325 Executing VM operation: G1Concurrent done
Event: 167.329 Executing VM operation: Cleanup
Event: 167.329 Executing VM operation: Cleanup done
Event: 170.357 Executing VM operation: Cleanup
Event: 170.372 Executing VM operation: Cleanup done
Event: 171.076 Executing VM operation: G1CollectForAllocation
Event: 171.353 Executing VM operation: G1CollectForAllocation done
Event: 171.452 Executing VM operation: G1CollectForAllocation
Event: 171.545 Executing VM operation: G1CollectForAllocation done
Event: 172.549 Executing VM operation: Cleanup
Event: 172.551 Executing VM operation: Cleanup done
Event: 173.552 Executing VM operation: Cleanup
Event: 173.664 Executing VM operation: Cleanup done
Event: 174.036 Executing VM operation: G1CollectForAllocation

Events (20 events):
Event: 171.633 loading class java/util/concurrent/ForkJoinTask$AdaptedCallable done
Event: 171.636 loading class java/util/concurrent/ForkJoinPool$DefaultForkJoinWorkerThreadFactory$1
Event: 171.637 loading class java/util/concurrent/ForkJoinPool$DefaultForkJoinWorkerThreadFactory$1 done
Event: 171.638 Thread 0x000001be71987580 Thread added: 0x000001be71987580
Event: 171.647 Thread 0x000001be71988ed0 Thread added: 0x000001be71988ed0
Event: 171.659 Thread 0x000001be71987fa0 Thread added: 0x000001be71987fa0
Event: 171.678 Thread 0x000001be7198cb90 Thread added: 0x000001be7198cb90
Event: 171.731 loading class java/lang/reflect/GenericSignatureFormatError
Event: 171.732 loading class java/lang/reflect/GenericSignatureFormatError done
Event: 171.909 loading class java/util/AbstractList$RandomAccessSubList
Event: 171.910 loading class java/util/AbstractList$SubList
Event: 171.911 loading class java/util/AbstractList$SubList done
Event: 171.911 loading class java/util/AbstractList$RandomAccessSubList done
Event: 171.911 loading class java/util/AbstractList$SubList$1
Event: 171.913 loading class java/util/AbstractList$SubList$1 done
Event: 171.992 Thread 0x000001be6f7b31c0 Thread added: 0x000001be6f7b31c0
Event: 172.496 loading class java/nio/ShortBuffer
Event: 172.497 loading class java/nio/ShortBuffer done
Event: 172.497 loading class java/nio/HeapShortBuffer
Event: 172.498 loading class java/nio/HeapShortBuffer done


Dynamic libraries:
0x00007ff7972a0000 - 0x00007ff7972b0000 	C:\Program Files\Java\jdk-17\bin\java.exe
0x00007fff6d8c0000 - 0x00007fff6db28000 	C:\WINDOWS\SYSTEM32\ntdll.dll
0x00007fff6b710000 - 0x00007fff6b7d9000 	C:\WINDOWS\System32\KERNEL32.DLL
0x00007fff6ad80000 - 0x00007fff6b16d000 	C:\WINDOWS\System32\KERNELBASE.dll
0x00007fff6b2c0000 - 0x00007fff6b40b000 	C:\WINDOWS\System32\ucrtbase.dll
0x00007fff563a0000 - 0x00007fff563b9000 	C:\Program Files\Java\jdk-17\bin\jli.dll
0x00007fff54e10000 - 0x00007fff54e2b000 	C:\Program Files\Java\jdk-17\bin\VCRUNTIME140.dll
0x00007fff6d6b0000 - 0x00007fff6d764000 	C:\WINDOWS\System32\ADVAPI32.dll
0x00007fff6c000000 - 0x00007fff6c0a9000 	C:\WINDOWS\System32\msvcrt.dll
0x00007fff6c6c0000 - 0x00007fff6c766000 	C:\WINDOWS\System32\sechost.dll
0x00007fff6ca20000 - 0x00007fff6cb38000 	C:\WINDOWS\System32\RPCRT4.dll
0x00007fff6c140000 - 0x00007fff6c30c000 	C:\WINDOWS\System32\USER32.dll
0x00007fff49b40000 - 0x00007fff49dda000 	C:\WINDOWS\WinSxS\amd64_microsoft.windows.common-controls_6595b64144ccf1df_6.0.26100.4484_none_3e0e6d4ce32ef3b3\COMCTL32.dll
0x00007fff6b630000 - 0x00007fff6b657000 	C:\WINDOWS\System32\win32u.dll
0x00007fff6d820000 - 0x00007fff6d84b000 	C:\WINDOWS\System32\GDI32.dll
0x00007fff6ac40000 - 0x00007fff6ad77000 	C:\WINDOWS\System32\gdi32full.dll
0x00007fff6ab90000 - 0x00007fff6ac33000 	C:\WINDOWS\System32\msvcp_win.dll
0x00007fff59f70000 - 0x00007fff59f7b000 	C:\WINDOWS\SYSTEM32\VERSION.dll
0x00007fff6ce10000 - 0x00007fff6ce3f000 	C:\WINDOWS\System32\IMM32.DLL
0x00007fff66010000 - 0x00007fff6601c000 	C:\Program Files\Java\jdk-17\bin\vcruntime140_1.dll
0x00007fff2bae0000 - 0x00007fff2bb6e000 	C:\Program Files\Java\jdk-17\bin\msvcp140.dll
0x00007ffea8020000 - 0x00007ffea8c01000 	C:\Program Files\Java\jdk-17\bin\server\jvm.dll
0x00007fff6c390000 - 0x00007fff6c398000 	C:\WINDOWS\System32\PSAPI.DLL
0x00007fff56150000 - 0x00007fff5615a000 	C:\WINDOWS\SYSTEM32\WSOCK32.dll
0x00007fff6c640000 - 0x00007fff6c6b4000 	C:\WINDOWS\System32\WS2_32.dll
0x00007fff4db50000 - 0x00007fff4db85000 	C:\WINDOWS\SYSTEM32\WINMM.dll
0x00007fff697b0000 - 0x00007fff697cb000 	C:\WINDOWS\SYSTEM32\kernel.appcore.dll
0x00007fff54e00000 - 0x00007fff54e0a000 	C:\Program Files\Java\jdk-17\bin\jimage.dll
0x00007fff68170000 - 0x00007fff683b1000 	C:\WINDOWS\SYSTEM32\DBGHELP.DLL
0x00007fff6bc70000 - 0x00007fff6bff6000 	C:\WINDOWS\System32\combase.dll
0x00007fff6cb40000 - 0x00007fff6cc20000 	C:\WINDOWS\System32\OLEAUT32.dll
0x00007fff48e30000 - 0x00007fff48e73000 	C:\WINDOWS\SYSTEM32\dbgcore.DLL
0x00007fff6b410000 - 0x00007fff6b4a9000 	C:\WINDOWS\System32\bcryptPrimitives.dll
0x00007fff52a40000 - 0x00007fff52a4e000 	C:\Program Files\Java\jdk-17\bin\instrument.dll
0x00007fff54d30000 - 0x00007fff54d55000 	C:\Program Files\Java\jdk-17\bin\java.dll
0x00007fff21cc0000 - 0x00007fff21d97000 	C:\Program Files\Java\jdk-17\bin\jsvml.dll
0x00007fff6ce60000 - 0x00007fff6d5aa000 	C:\WINDOWS\System32\SHELL32.dll
0x00007fff6b4b0000 - 0x00007fff6b624000 	C:\WINDOWS\System32\wintypes.dll
0x00007fff68640000 - 0x00007fff68e9b000 	C:\WINDOWS\SYSTEM32\windows.storage.dll
0x00007fff6d5b0000 - 0x00007fff6d6a5000 	C:\WINDOWS\System32\SHCORE.dll
0x00007fff6c3a0000 - 0x00007fff6c40a000 	C:\WINDOWS\System32\shlwapi.dll
0x00007fff6a920000 - 0x00007fff6a94f000 	C:\WINDOWS\SYSTEM32\profapi.dll
0x00007fff54320000 - 0x00007fff54338000 	C:\Program Files\Java\jdk-17\bin\zip.dll
0x00007fff54bd0000 - 0x00007fff54be9000 	C:\Program Files\Java\jdk-17\bin\net.dll
0x00007fff5ba20000 - 0x00007fff5bb3e000 	C:\WINDOWS\SYSTEM32\WINHTTP.dll
0x00007fff69d40000 - 0x00007fff69daa000 	C:\WINDOWS\system32\mswsock.dll
0x00007fff54340000 - 0x00007fff54356000 	C:\Program Files\Java\jdk-17\bin\nio.dll
0x00007fff54df0000 - 0x00007fff54e00000 	C:\Program Files\Java\jdk-17\bin\verify.dll
0x00007fff3b7f0000 - 0x00007fff3b817000 	C:\Users\sofia\.gradle\native\c067742578af261105cb4f569cf0c3c89f3d7b1fecec35dd04571415982c5e48\windows-amd64\native-platform.dll
0x00007ffed6ee0000 - 0x00007ffed7024000 	C:\Users\sofia\.gradle\native\38dada09dfb8b06ba9b0570ebf7e218e3eb74d4ef43ca46872605cf95ebc2f47\windows-amd64\native-platform-file-events.dll
0x00007fff54610000 - 0x00007fff5461a000 	C:\Program Files\Java\jdk-17\bin\management.dll
0x00007fff52a50000 - 0x00007fff52a5b000 	C:\Program Files\Java\jdk-17\bin\management_ext.dll
0x00007fff69ff0000 - 0x00007fff6a00b000 	C:\WINDOWS\SYSTEM32\CRYPTSP.dll
0x00007fff69710000 - 0x00007fff6974b000 	C:\WINDOWS\system32\rsaenh.dll
0x00007fff69de0000 - 0x00007fff69e0b000 	C:\WINDOWS\SYSTEM32\USERENV.dll
0x00007fff6a8f0000 - 0x00007fff6a916000 	C:\WINDOWS\SYSTEM32\bcrypt.dll
0x00007fff6a010000 - 0x00007fff6a01c000 	C:\WINDOWS\SYSTEM32\CRYPTBASE.dll
0x00007fff69240000 - 0x00007fff69273000 	C:\WINDOWS\SYSTEM32\IPHLPAPI.DLL
0x00007fff6cda0000 - 0x00007fff6cdaa000 	C:\WINDOWS\System32\NSI.dll
0x00007fff5ca60000 - 0x00007fff5ca7f000 	C:\WINDOWS\SYSTEM32\dhcpcsvc6.DLL
0x00007fff5b9f0000 - 0x00007fff5ba15000 	C:\WINDOWS\SYSTEM32\dhcpcsvc.DLL
0x00007fff69310000 - 0x00007fff69436000 	C:\WINDOWS\SYSTEM32\DNSAPI.dll
0x00007fff4de10000 - 0x00007fff4de1e000 	C:\Program Files\Java\jdk-17\bin\sunmscapi.dll
0x00007fff6aa10000 - 0x00007fff6ab87000 	C:\WINDOWS\System32\CRYPT32.dll
0x00007fff6a210000 - 0x00007fff6a240000 	C:\WINDOWS\SYSTEM32\ncrypt.dll
0x00007fff6a1c0000 - 0x00007fff6a1ff000 	C:\WINDOWS\SYSTEM32\NTASN1.dll
0x00007fff06ba0000 - 0x00007fff06ba8000 	C:\WINDOWS\system32\wshunix.dll
0x00007fff4bdd0000 - 0x00007fff4bde8000 	C:\WINDOWS\system32\napinsp.dll
0x00007fff4bd80000 - 0x00007fff4bd92000 	C:\WINDOWS\System32\winrnr.dll
0x00007fff43ed0000 - 0x00007fff43f00000 	C:\WINDOWS\system32\nlansp_c.dll
0x00007fff5cb30000 - 0x00007fff5cb50000 	C:\WINDOWS\system32\wshbth.dll
0x00007fff59d80000 - 0x00007fff59d8b000 	C:\Windows\System32\rasadhlp.dll
0x00007fff5b0a0000 - 0x00007fff5b126000 	C:\WINDOWS\System32\fwpuclnt.dll
0x00007fff698e0000 - 0x00007fff69916000 	C:\WINDOWS\SYSTEM32\ntmarta.dll

dbghelp: loaded successfully - version: 4.0.5 - missing functions: none
symbol engine: initialized successfully - sym options: 0x614 - pdb path: .;C:\Program Files\Java\jdk-17\bin;C:\WINDOWS\SYSTEM32;C:\WINDOWS\WinSxS\amd64_microsoft.windows.common-controls_6595b64144ccf1df_6.0.26100.4484_none_3e0e6d4ce32ef3b3;C:\Program Files\Java\jdk-17\bin\server;C:\Users\sofia\.gradle\native\c067742578af261105cb4f569cf0c3c89f3d7b1fecec35dd04571415982c5e48\windows-amd64;C:\Users\sofia\.gradle\native\38dada09dfb8b06ba9b0570ebf7e218e3eb74d4ef43ca46872605cf95ebc2f47\windows-amd64

VM Arguments:
jvm_args: -XX:MaxMetaspaceSize=512m --add-opens=java.base/java.util=ALL-UNNAMED --add-opens=java.base/java.lang=ALL-UNNAMED --add-opens=java.base/java.lang.invoke=ALL-UNNAMED --add-opens=java.prefs/java.util.prefs=ALL-UNNAMED --add-opens=java.base/java.nio.charset=ALL-UNNAMED --add-opens=java.base/java.net=ALL-UNNAMED --add-opens=java.base/java.util.concurrent.atomic=ALL-UNNAMED -Xmx4096m -Dfile.encoding=UTF-8 -Duser.country=MX -Duser.language=es -Duser.variant -javaagent:C:\Users\sofia\.gradle\wrapper\dists\gradle-8.6-bin\afr5mpiioh2wthjmwnkmdsd5w\gradle-8.6\lib\agents\gradle-instrumentation-agent-8.6.jar 
java_command: org.gradle.launcher.daemon.bootstrap.GradleDaemon 8.6
java_class_path (initial): C:\Users\sofia\.gradle\wrapper\dists\gradle-8.6-bin\afr5mpiioh2wthjmwnkmdsd5w\gradle-8.6\lib\gradle-launcher-8.6.jar
Launcher Type: SUN_STANDARD

[Global flags]
     intx CICompilerCount                          = 3                                         {product} {ergonomic}
   size_t CompressedClassSpaceSize                 = 436207616                                 {product} {ergonomic}
     uint ConcGCThreads                            = 1                                         {product} {ergonomic}
     uint G1ConcRefinementThreads                  = 4                                         {product} {ergonomic}
   size_t G1HeapRegionSize                         = 2097152                                   {product} {ergonomic}
    uintx GCDrainStackTargetSize                   = 64                                        {product} {ergonomic}
   size_t InitialHeapSize                          = 132120576                                 {product} {ergonomic}
   size_t MarkStackSize                            = 4194304                                   {product} {ergonomic}
   size_t MaxHeapSize                              = 4294967296                                {product} {command line}
   size_t MaxMetaspaceSize                         = 536870912                                 {product} {command line}
   size_t MaxNewSize                               = 2575302656                                {product} {ergonomic}
   size_t MinHeapDeltaBytes                        = 2097152                                   {product} {ergonomic}
   size_t MinHeapSize                              = 8388608                                   {product} {ergonomic}
    uintx NonNMethodCodeHeapSize                   = 5832780                                {pd product} {ergonomic}
    uintx NonProfiledCodeHeapSize                  = 122912730                              {pd product} {ergonomic}
    uintx ProfiledCodeHeapSize                     = 122912730                              {pd product} {ergonomic}
    uintx ReservedCodeCacheSize                    = 251658240                              {pd product} {ergonomic}
     bool SegmentedCodeCache                       = true                                      {product} {ergonomic}
   size_t SoftMaxHeapSize                          = 4294967296                             {manageable} {ergonomic}
     bool UseCompressedClassPointers               = true                           {product lp64_product} {ergonomic}
     bool UseCompressedOops                        = true                           {product lp64_product} {ergonomic}
     bool UseG1GC                                  = true                                      {product} {ergonomic}
     bool UseLargePagesIndividualAllocation        = false                                  {pd product} {ergonomic}

Logging:
Log output configuration:
 #0: stdout all=warning uptime,level,tags
 #1: stderr all=off uptime,level,tags

Environment Variables:
JAVA_HOME=C:\Program Files\Java\jdk-17
CLASSPATH=C:\Users\sofia\Downloads\app_gestion_itinerario\\gradle\wrapper\gradle-wrapper.jar
PATH=C:\Users\sofia\Downloads\jdk-21_windows-x64_bin\jdk-21.0.1\bin;C:\windows;C:\windows\System32\Wbem;C:\windows\System32\WindowsPowerShell\v1.0\;C:\windows\System32\OpenSSH\;C:\Program Files\Java\jdk-17\bin;C:\Windows\System32;C:\ProgramData\chocolatey\bin;C:\Program Files\dotnet\;C:\Program Files\Git\cmd;C:\WINDOWS\system32;C:\WINDOWS;C:\WINDOWS\System32\Wbem;C:\WINDOWS\System32\WindowsPowerShell\v1.0\;C:\WINDOWS\System32\OpenSSH\;C:\Program Files\Graphviz\bin\bin;C:\Program Files\Graphviz\bin\bin;C:\Users\sofia\Downloads\kotlin-compiler-2.1.21\kotlinc\bin;C:\Program Files (x86)\Microsoft SQL Server\160\Tools\Binn\;C:\Program Files\Microsoft SQL Server\160\Tools\Binn\;C:\Program Files\Microsoft SQL Server\Client SDK\ODBC\170\Tools\Binn\;C:\Program Files\Microsoft SQL Server\160\DTS\Binn\;C:\Program Files\nodejs\;C:\Program Files\Docker\Docker\resources\bin;C:\Users\sofia\AppData\Local\Programs\Python\Python310\Scripts\;C:\Users\sofia\AppData\Local\Programs\Python\Python310\;C:\Users\sofia\AppData\Local\Programs\Python\Python312\Scripts\;C:\Users\sofia\AppData\Local\Programs\Python\Python312\;C:\Users\sofia\AppData\Local\Programs\Python\Launcher\;C:\Users\sofia\AppData\Local\Microsoft\WindowsApps;;C:\Users\sofia\AppData\Local\Programs\Microsoft VS Code\bin;C:\Users\sofia\.dotnet\tools;C:\Users\sofia\AppData\Roaming\npm;C:\Users\sofia\AppData\Local\spicetify;C:\Users\sofia\AppData\Local\Programs\Antigravity\bin;C:\Users\sofia\AppData\Local\Programs\Antigravity IDE\bin
USERNAME=sofia
OS=Windows_NT
PROCESSOR_IDENTIFIER=Intel64 Family 6 Model 122 Stepping 8, GenuineIntel



---------------  S Y S T E M  ---------------

OS:
 Windows 11 , 64 bit Build 26100 (10.0.26100.4484)
OS uptime: 6 days 4:43 hours
Hyper-V role detected

CPU: total 4 (initial active 4) (4 cores per cpu, 1 threads per core) family 6 model 122 stepping 8 microcode 0x22, cx8, cmov, fxsr, mmx, 3dnowpref, sse, sse2, sse3, ssse3, sse4.1, sse4.2, popcnt, tsc, tscinvbit, aes, erms, clmul, sha, clflush, clflushopt, hv

Memory: 4k page, system-wide physical 8005M (505M free)
TotalPageFile size 22649M (AvailPageFile size 556M)
current process WorkingSet (physical memory assigned to process): 867M, peak: 867M
current process commit charge ("private bytes"): 1011M, peak: 2190M

vm_info: Java HotSpot(TM) 64-Bit Server VM (17.0.9+11-LTS-201) for windows-amd64 JRE (17.0.9+11-LTS-201), built on Oct 10 2023 23:16:06 by "mach5one" with MS VC++ 17.1 (VS2022)

END.
